Component: ARM Compiler 5.06 update 7 (build 960) Tool: armlink [4d3601]

==============================================================================

Section Cross References

    startup_stm32l432xx.o(STACK) refers (Special) to heapauxi.o(.text) for __use_two_region_memory
    startup_stm32l432xx.o(HEAP) refers (Special) to heapauxi.o(.text) for __use_two_region_memory
    startup_stm32l432xx.o(RESET) refers (Special) to heapauxi.o(.text) for __use_two_region_memory
    startup_stm32l432xx.o(RESET) refers to startup_stm32l432xx.o(STACK) for __initial_sp
    startup_stm32l432xx.o(RESET) refers to startup_stm32l432xx.o(.text) for Reset_Handler
    startup_stm32l432xx.o(RESET) refers to stm32l4xx_it.o(i.NMI_Handler) for NMI_Handler
    startup_stm32l432xx.o(RESET) refers to stm32l4xx_it.o(i.HardFault_Handler) for HardFault_Handler
    startup_stm32l432xx.o(RESET) refers to stm32l4xx_it.o(i.MemManage_Handler) for MemManage_Handler
    startup_stm32l432xx.o(RESET) refers to stm32l4xx_it.o(i.BusFault_Handler) for BusFault_Handler
    startup_stm32l432xx.o(RESET) refers to stm32l4xx_it.o(i.UsageFault_Handler) for UsageFault_Handler
    startup_stm32l432xx.o(RESET) refers to stm32l4xx_it.o(i.SVC_Handler) for SVC_Handler
    startup_stm32l432xx.o(RESET) refers to stm32l4xx_it.o(i.DebugMon_Handler) for DebugMon_Handler
    startup_stm32l432xx.o(RESET) refers to stm32l4xx_it.o(i.PendSV_Handler) for PendSV_Handler
    startup_stm32l432xx.o(RESET) refers to stm32l4xx_it.o(i.SysTick_Handler) for SysTick_Handler
    startup_stm32l432xx.o(RESET) refers to stm32l4xx_it.o(i.TIM2_IRQHandler) for TIM2_IRQHandler
    startup_stm32l432xx.o(RESET) refers to stm32l4xx_it.o(i.USART2_IRQHandler) for USART2_IRQHandler
    startup_stm32l432xx.o(.text) refers (Special) to heapauxi.o(.text) for __use_two_region_memory
    startup_stm32l432xx.o(.text) refers to system_stm32l4xx.o(i.SystemInit) for SystemInit
    startup_stm32l432xx.o(.text) refers to __main.o(!!!main) for __main
    startup_stm32l432xx.o(.text) refers to startup_stm32l432xx.o(HEAP) for Heap_Mem
    startup_stm32l432xx.o(.text) refers to startup_stm32l432xx.o(STACK) for Stack_Mem
    mylibrary.o(i.Message_handler) refers to mylibrary.o(i.string_compare) for string_compare
    mylibrary.o(i.Message_handler) refers to stm32l4xx_hal_gpio.o(i.HAL_GPIO_WritePin) for HAL_GPIO_WritePin
    mylibrary.o(i.Message_handler) refers to strcat.o(.text) for strcat
    mylibrary.o(i.Message_handler) refers to strlen.o(.text) for strlen
    mylibrary.o(i.Message_handler) refers to stm32l4xx_hal_uart.o(i.HAL_UART_Transmit) for HAL_UART_Transmit
    mylibrary.o(i.Message_handler) refers to rt_memclr.o(.text) for __aeabi_memclr
    mylibrary.o(i.Message_handler) refers to mylibrary.o(.bss) for .bss
    mylibrary.o(i.Message_handler) refers to main.o(.bss) for huart2
    mylibrary.o(i.Message_handler) refers to mylibrary.o(.data) for .data
    pn532.o(i.PN532_CallFunction) refers to pn532.o(i.PN532_WriteFrame) for PN532_WriteFrame
    pn532.o(i.PN532_CallFunction) refers to pn532.o(i.PN532_ReadFrame) for PN532_ReadFrame
    pn532.o(i.PN532_CallFunction) refers to pn532.o(.constdata) for .constdata
    pn532.o(i.PN532_GetFirmwareVersion) refers to pn532.o(i.PN532_CallFunction) for PN532_CallFunction
    pn532.o(i.PN532_MifareClassicAuthenticateBlock) refers to pn532.o(i.PN532_CallFunction) for PN532_CallFunction
    pn532.o(i.PN532_MifareClassicReadBlock) refers to pn532.o(i.PN532_CallFunction) for PN532_CallFunction
    pn532.o(i.PN532_MifareClassicWriteBlock) refers to pn532.o(i.PN532_CallFunction) for PN532_CallFunction
    pn532.o(i.PN532_Ntag2xxReadBlock) refers to pn532.o(i.PN532_CallFunction) for PN532_CallFunction
    pn532.o(i.PN532_Ntag2xxWriteBlock) refers to pn532.o(i.PN532_CallFunction) for PN532_CallFunction
    pn532.o(i.PN532_ReadGpio) refers to pn532.o(i.PN532_CallFunction) for PN532_CallFunction
    pn532.o(i.PN532_ReadGpioI) refers to pn532.o(i.PN532_CallFunction) for PN532_CallFunction
    pn532.o(i.PN532_ReadGpioP) refers to pn532.o(i.PN532_CallFunction) for PN532_CallFunction
    pn532.o(i.PN532_ReadPassiveTarget) refers to pn532.o(i.PN532_CallFunction) for PN532_CallFunction
    pn532.o(i.PN532_SamConfiguration) refers to pn532.o(i.PN532_CallFunction) for PN532_CallFunction
    pn532.o(i.PN532_WriteGpio) refers to pn532.o(i.PN532_CallFunction) for PN532_CallFunction
    pn532.o(i.PN532_WriteGpioP) refers to pn532.o(i.PN532_ReadGpio) for PN532_ReadGpio
    pn532.o(i.PN532_WriteGpioP) refers to pn532.o(i.PN532_CallFunction) for PN532_CallFunction
    pn532_stm32f1.o(i.PN532_Init) refers to pn532_stm32f1.o(i.PN532_SPI_Init) for PN532_SPI_Init
    pn532_stm32f1.o(i.PN532_Log) refers to _printf_percent.o(.ARM.Collect$$_printf_percent$$00000000) for _printf_percent
    pn532_stm32f1.o(i.PN532_Log) refers to _printf_s.o(.ARM.Collect$$_printf_percent$$00000014) for _printf_s
[...]
    .text                                    0x080012e4   Section        8  rt_errno_addr_intlibspace.o(.text)
    i.BusFault_Handler                       0x080012ec   Section        0  stm32l4xx_it.o(i.BusFault_Handler)
    i.DebugMon_Handler                       0x080012ee   Section        0  stm32l4xx_it.o(i.DebugMon_Handler)
    i.Error_Handler                          0x080012f0   Section        0  main.o(i.Error_Handler)
    i.HAL_DMA_Abort                          0x080012f4   Section        0  stm32l4xx_hal_dma.o(i.HAL_DMA_Abort)
    i.HAL_DMA_Abort_IT                       0x0800133e   Section        0  stm32l4xx_hal_dma.o(i.HAL_DMA_Abort_IT)
    i.HAL_Delay                              0x0800138c   Section        0  stm32l4xx_hal.o(i.HAL_Delay)
    i.HAL_GPIO_Init                          0x080013b0   Section        0  stm32l4xx_hal_gpio.o(i.HAL_GPIO_Init)
    i.HAL_GPIO_WritePin                      0x08001552   Section        0  stm32l4xx_hal_gpio.o(i.HAL_GPIO_WritePin)
    i.HAL_GetTick                            0x0800155c   Section        0  stm32l4xx_hal.o(i.HAL_GetTick)
    i.HAL_IncTick                            0x08001568   Section        0  stm32l4xx_hal.o(i.HAL_IncTick)
    i.HAL_Init                               0x08001578   Section        0  stm32l4xx_hal.o(i.HAL_Init)
    i.HAL_InitTick                           0x08001598   Section        0  stm32l4xx_hal.o(i.HAL_InitTick)
    i.HAL_MspInit                            0x080015dc   Section        0  stm32l4xx_hal_msp.o(i.HAL_MspInit)
    i.HAL_NVIC_EnableIRQ                     0x08001608   Section        0  stm32l4xx_hal_cortex.o(i.HAL_NVIC_EnableIRQ)
    i.HAL_NVIC_SetPriority                   0x08001624   Section        0  stm32l4xx_hal_cortex.o(i.HAL_NVIC_SetPriority)
    i.HAL_NVIC_SetPriorityGrouping           0x08001664   Section        0  stm32l4xx_hal_cortex.o(i.HAL_NVIC_SetPriorityGrouping)
    i.HAL_PWREx_ControlVoltageScaling        0x08001688   Section        0  stm32l4xx_hal_pwr_ex.o(i.HAL_PWREx_ControlVoltageScaling)
    i.HAL_PWREx_GetVoltageRange              0x080016f0   Section        0  stm32l4xx_hal_pwr_ex.o(i.HAL_PWREx_GetVoltageRange)
    i.HAL_PWR_EnableBkUpAccess               0x08001700   Section        0  stm32l4xx_hal_pwr.o(i.HAL_PWR_EnableBkUpAccess)
    i.HAL_RCCEx_EnableMSIPLLMode             0x08001710   Section        0  stm32l4xx_hal_rcc_ex.o(i.HAL_RCCEx_EnableMSIPLLMode)
    i.HAL_RCCEx_PeriphCLKConfig              0x08001720   Section        0  stm32l4xx_hal_rcc_ex.o(i.HAL_RCCEx_PeriphCLKConfig)
    i.HAL_RCC_ClockConfig                    0x080019ac   Section        0  stm32l4xx_hal_rcc.o(i.HAL_RCC_ClockConfig)
    i.HAL_RCC_GetPCLK1Freq                   0x08001acc   Section        0  stm32l4xx_hal_rcc.o(i.HAL_RCC_GetPCLK1Freq)
    i.HAL_RCC_GetPCLK2Freq                   0x08001af0   Section        0  stm32l4xx_hal_rcc.o(i.HAL_RCC_GetPCLK2Freq)
    i.HAL_RCC_GetSysClockFreq                0x08001b14   Section        0  stm32l4xx_hal_rcc.o(i.HAL_RCC_GetSysClockFreq)
    i.HAL_RCC_OscConfig                      0x08001bb8   Section        0  stm32l4xx_hal_rcc.o(i.HAL_RCC_OscConfig)
    i.HAL_SPI_Init                           0x08002124   Section        0  stm32l4xx_hal_spi.o(i.HAL_SPI_Init)
    i.HAL_SPI_MspInit                        0x08002204   Section        0  stm32l4xx_hal_msp.o(i.HAL_SPI_MspInit)
    i.HAL_SPI_TransmitReceive                0x08002268   Section        0  stm32l4xx_hal_spi.o(i.HAL_SPI_TransmitReceive)
    i.HAL_SYSTICK_Config                     0x080024d0   Section        0  stm32l4xx_hal_cortex.o(i.HAL_SYSTICK_Config)
    i.HAL_TIMEx_Break2Callback               0x080024f8   Section        0  stm32l4xx_hal_tim_ex.o(i.HAL_TIMEx_Break2Callback)
    i.HAL_TIMEx_BreakCallback                0x080024fa   Section        0  stm32l4xx_hal_tim_ex.o(i.HAL_TIMEx_BreakCallback)
    i.HAL_TIMEx_CommutCallback               0x080024fc   Section        0  stm32l4xx_hal_tim_ex.o(i.HAL_TIMEx_CommutCallback)
    i.HAL_TIMEx_MasterConfigSynchronization  0x08002500   Section        0  stm32l4xx_hal_tim_ex.o(i.HAL_TIMEx_MasterConfigSynchronization)
    i.HAL_TIM_Base_Init                      0x0800256c   Section        0  stm32l4xx_hal_tim.o(i.HAL_TIM_Base_Init)
    i.HAL_TIM_Base_MspInit                   0x080025d0   Section        0  stm32l4xx_hal_msp.o(i.HAL_TIM_Base_MspInit)
    i.HAL_TIM_Base_Start_IT                  0x08002608   Section        0  stm32l4xx_hal_tim.o(i.HAL_TIM_Base_Start_IT)
    i.HAL_TIM_ConfigClockSource              0x08002660   Section        0  stm32l4xx_hal_tim.o(i.HAL_TIM_ConfigClockSource)
    i.HAL_TIM_IC_CaptureCallback             0x0800273c   Section        0  stm32l4xx_hal_tim.o(i.HAL_TIM_IC_CaptureCallback)
    i.HAL_TIM_IRQHandler                     0x0800273e   Section        0  stm32l4xx_hal_tim.o(i.HAL_TIM_IRQHandler)
    i.HAL_TIM_OC_DelayElapsedCallback        0x080028c2   Section        0  stm32l4xx_hal_tim.o(i.HAL_TIM_OC_DelayElapsedCallback)
    i.HAL_TIM_PWM_PulseFinishedCallback      0x080028c4   Section        0  stm32l4xx_hal_tim.o(i.HAL_TIM_PWM_PulseFinishedCallback)
    i.HAL_TIM_PeriodElapsedCallback          0x080028c6   Section        0  stm32l4xx_hal_tim.o(i.HAL_TIM_PeriodElapsedCallback)
    i.HAL_TIM_TriggerCallback                0x080028c8   Section        0  stm32l4xx_hal_tim.o(i.HAL_TIM_TriggerCallback)
    i.HAL_UARTEx_RxEventCallback             0x080028ca   Section        0  stm32l4xx_hal_uart.o(i.HAL_UARTEx_RxEventCallback)
    i.HAL_UARTEx_WakeupCallback              0x080028cc   Section        0  stm32l4xx_hal_uart_ex.o(i.HAL_UARTEx_WakeupCallback)
    i.HAL_UART_ErrorCallback                 0x080028ce   Section        0  stm32l4xx_hal_uart.o(i.HAL_UART_ErrorCallback)
    i.HAL_UART_IRQHandler                    0x080028d0   Section        0  stm32l4xx_hal_uart.o(i.HAL_UART_IRQHandler)
    i.HAL_UART_Init                          0x08002b0c   Section        0  stm32l4xx_hal_uart.o(i.HAL_UART_Init)
    i.HAL_UART_MspInit                       0x08002b74   Section        0  stm32l4xx_hal_msp.o(i.HAL_UART_MspInit)
    i.HAL_UART_Receive                       0x08002bfc   Section        0  stm32l4xx_hal_uart.o(i.HAL_UART_Receive)
    i.HAL_UART_Transmit                      0x08002cfc   Section        0  stm32l4xx_hal_uart.o(i.HAL_UART_Transmit)
    i.HAL_UART_TxCpltCallback                0x08002db2   Section        0  stm32l4xx_hal_uart.o(i.HAL_UART_TxCpltCallback)
    i.HardFault_Handler                      0x08002db4   Section        0  stm32l4xx_it.o(i.HardFault_Handler)
    i.MX_GPIO_Init                           0x08002db8   Section        0  main.o(i.MX_GPIO_Init)
    MX_GPIO_Init                             0x08002db9   Thumb Code   120  main.o(i.MX_GPIO_Init)
    i.MX_SPI1_Init                           0x08002e34   Section        0  main.o(i.MX_SPI1_Init)
    MX_SPI1_Init                             0x08002e35   Thumb Code    70  main.o(i.MX_SPI1_Init)
    i.MX_TIM2_Init                           0x08002e84   Section        0  main.o(i.MX_TIM2_Init)
    MX_TIM2_Init                             0x08002e85   Thumb Code   100  main.o(i.MX_TIM2_Init)
    i.MX_USART2_UART_Init                    0x08002eec   Section        0  main.o(i.MX_USART2_UART_Init)
    MX_USART2_UART_Init                      0x08002eed   Thumb Code    48  main.o(i.MX_USART2_UART_Init)
    i.MemManage_Handler                      0x08002f24   Section        0  stm32l4xx_it.o(i.MemManage_Handler)
    i.Message_handler                        0x08002f28   Section        0  mylibrary.o(i.Message_handler)
    i.NMI_Handler                            0x08002fdc   Section        0  stm32l4xx_it.o(i.NMI_Handler)
    i.PN532_CallFunction                     0x08002fe0   Section        0  pn532.o(i.PN532_CallFunction)
    i.PN532_GetFirmwareVersion               0x0800311c   Section        0  pn532.o(i.PN532_GetFirmwareVersion)
    i.PN532_Log                              0x08003168   Section        0  pn532_stm32f1.o(i.PN532_Log)
    i.PN532_ReadFrame                        0x08003178   Section        0  pn532.o(i.PN532_ReadFrame)
    i.PN532_ReadPassiveTarget                0x080032d0   Section        0  pn532.o(i.PN532_ReadPassiveTarget)
    i.PN532_Reset                            0x0800338c   Section        0  pn532_stm32f1.o(i.PN532_Reset)
    i.PN532_SPI_Init                         0x080033cc   Section        0  pn532_stm32f1.o(i.PN532_SPI_Init)
    i.PN532_SPI_ReadData                     0x08003400   Section        0  pn532_stm32f1.o(i.PN532_SPI_ReadData)
    i.PN532_SPI_WaitReady                    0x08003440   Section        0  pn532_stm32f1.o(i.PN532_SPI_WaitReady)
    i.PN532_SPI_Wakeup                       0x08003480   Section        0  pn532_stm32f1.o(i.PN532_SPI_Wakeup)
    i.PN532_SPI_WriteData                    0x080034b4   Section        0  pn532_stm32f1.o(i.PN532_SPI_WriteData)
    i.PN532_SamConfiguration                 0x080034ec   Section        0  pn532.o(i.PN532_SamConfiguration)
    i.PN532_WriteFrame                       0x08003514   Section        0  pn532.o(i.PN532_WriteFrame)
    i.PendSV_Handler                         0x0800358e   Section        0  stm32l4xx_it.o(i.PendSV_Handler)
    i.RCCEx_PLLSAI1_Config                   0x08003590   Section        0  stm32l4xx_hal_rcc_ex.o(i.RCCEx_PLLSAI1_Config)
    RCCEx_PLLSAI1_Config                     0x08003591   Thumb Code   278  stm32l4xx_hal_rcc_ex.o(i.RCCEx_PLLSAI1_Config)
    i.RCC_SetFlashLatencyFromMSIRange        0x080036bc   Section        0  stm32l4xx_hal_rcc.o(i.RCC_SetFlashLatencyFromMSIRange)
    RCC_SetFlashLatencyFromMSIRange          0x080036bd   Thumb Code   116  stm32l4xx_hal_rcc.o(i.RCC_SetFlashLatencyFromMSIRange)
    i.SPI_EndRxTxTransaction                 0x08003738   Section        0  stm32l4xx_hal_spi.o(i.SPI_EndRxTxTransaction)
    SPI_EndRxTxTransaction                   0x08003739   Thumb Code    72  stm32l4xx_hal_spi.o(i.SPI_EndRxTxTransaction)
    i.SPI_WaitFifoStateUntilTimeout          0x08003780   Section        0  stm32l4xx_hal_spi.o(i.SPI_WaitFifoStateUntilTimeout)
    SPI_WaitFifoStateUntilTimeout            0x08003781   Thumb Code   198  stm32l4xx_hal_spi.o(i.SPI_WaitFifoStateUntilTimeout)
    i.SPI_WaitFlagStateUntilTimeout          0x08003854   Section        0  stm32l4xx_hal_spi.o(i.SPI_WaitFlagStateUntilTimeout)
    SPI_WaitFlagStateUntilTimeout            0x08003855   Thumb Code   180  stm32l4xx_hal_spi.o(i.SPI_WaitFlagStateUntilTimeout)
    i.SVC_Handler                            0x0800390c   Section        0  stm32l4xx_it.o(i.SVC_Handler)
    i.SysTick_Handler                        0x0800390e   Section        0  stm32l4xx_it.o(i.SysTick_Handler)
    i.SystemClock_Config                     0x08003914   Section        0  main.o(i.SystemClock_Config)
    i.SystemInit                             0x080039a0   Section        0  system_stm32l4xx.o(i.SystemInit)
    i.TIM2_IRQHandler                        0x080039dc   Section        0  stm32l4xx_it.o(i.TIM2_IRQHandler)
    i.TIM_Base_SetConfig                     0x08003a10   Section        0  stm32l4xx_hal_tim.o(i.TIM_Base_SetConfig)
    i.TIM_ETR_SetConfig                      0x08003a7c   Section        0  stm32l4xx_hal_tim.o(i.TIM_ETR_SetConfig)
    i.TIM_ITRx_SetConfig                     0x08003a90   Section        0  stm32l4xx_hal_tim.o(i.TIM_ITRx_SetConfig)
    TIM_ITRx_SetConfig                       0x08003a91   Thumb Code    16  stm32l4xx_hal_tim.o(i.TIM_ITRx_SetConfig)
    i.TIM_TI1_ConfigInputStage               0x08003aa0   Section        0  stm32l4xx_hal_tim.o(i.TIM_TI1_ConfigInputStage)
    TIM_TI1_ConfigInputStage                 0x08003aa1   Thumb Code    34  stm32l4xx_hal_tim.o(i.TIM_TI1_ConfigInputStage)
    i.TIM_TI2_ConfigInputStage               0x08003ac2   Section        0  stm32l4xx_hal_tim.o(i.TIM_TI2_ConfigInputStage)
    TIM_TI2_ConfigInputStage                 0x08003ac3   Thumb Code    36  stm32l4xx_hal_tim.o(i.TIM_TI2_ConfigInputStage)
    i.UART_AdvFeatureConfig                  0x08003ae6   Section        0  stm32l4xx_hal_uart.o(i.UART_AdvFeatureConfig)
    i.UART_CheckIdleState                    0x08003bae   Section        0  stm32l4xx_hal_uart.o(i.UART_CheckIdleState)
    i.UART_DMAAbortOnError                   0x08003c0a   Section        0  stm32l4xx_hal_uart.o(i.UART_DMAAbortOnError)
    UART_DMAAbortOnError                     0x08003c0b   Thumb Code    20  stm32l4xx_hal_uart.o(i.UART_DMAAbortOnError)
    i.UART_EndRxTransfer                     0x08003c1e   Section        0  stm32l4xx_hal_uart.o(i.UART_EndRxTransfer)
    UART_EndRxTransfer                       0x08003c1f   Thumb Code    48  stm32l4xx_hal_uart.o(i.UART_EndRxTransfer)
    i.UART_SetConfig                         0x08003c50   Section        0  stm32l4xx_hal_uart.o(i.UART_SetConfig)
    i.UART_WaitOnFlagUntilTimeout            0x08003e30   Section        0  stm32l4xx_hal_uart.o(i.UART_WaitOnFlagUntilTimeout)
    i.USART2_IRQHandler                      0x08003ed4   Section        0  stm32l4xx_it.o(i.USART2_IRQHandler)
    i.UsageFault_Handler                     0x08003f14   Section        0  stm32l4xx_it.o(i.UsageFault_Handler)
    i.__NVIC_SetPriority                     0x08003f16   Section        0  stm32l4xx_hal_cortex.o(i.__NVIC_SetPriority)
    __NVIC_SetPriority                       0x08003f17   Thumb Code    32  stm32l4xx_hal_cortex.o(i.__NVIC_SetPriority)
    i._is_digit                              0x08003f36   Section        0  __printf_wp.o(i._is_digit)
    i.fputc                                  0x08003f44   Section        0  fputc.o(i.fputc)
    i.main                                   0x08003f60   Section        0  main.o(i.main)
    i.spi_rw                                 0x08004204   Section        0  pn532_stm32f1.o(i.spi_rw)
    i.string_compare                         0x08004248   Section        0  mylibrary.o(i.string_compare)
    x$fpl$fpinit                             0x08004274   Section       10  fpinit.o(x$fpl$fpinit)
    $v0                                      0x08004274   Number         0  fpinit.o(x$fpl$fpinit)
    .constdata                               0x0800427e   Section        6  pn532.o(.constdata)
    .constdata                               0x08004284   Section       64  system_stm32l4xx.o(.constdata)
    .constdata                               0x080042c4   Section        8  system_stm32l4xx.o(.constdata)
    .constdata                               0x080042cc   Section       40  _printf_hex_int.o(.constdata)
    uc_hextab                                0x080042cc   Data          20  _printf_hex_int.o(.constdata)
    lc_hextab                                0x080042e0   Data          20  _printf_hex_int.o(.constdata)
    .constdata                               0x080042f4   Section       17  __printf_flags_wp.o(.constdata)
    maptable                                 0x080042f4   Data          17  __printf_flags_wp.o(.constdata)
    .constdata                               0x08004305   Section        4  sys_io.o(.constdata)
    .constdata                               0x08004309   Section        4  sys_io.o(.constdata)
    .constdata                               0x0800430d   Section        4  sys_io.o(.constdata)
    .data                                    0x20000000   Section        2  mylibrary.o(.data)
    .data                                    0x20000004   Section       12  stm32l4xx_hal.o(.data)
    .data                                    0x20000010   Section        4  system_stm32l4xx.o(.data)
    .data                                    0x20000014   Section        4  stdio_streams.o(.data)
    .data                                    0x20000018   Section        4  stdio_streams.o(.data)
    .data                                    0x2000001c   Section        4  stdio_streams.o(.data)
    .bss                                     0x20000020   Section       50  mylibrary.o(.bss)
    .bss                                     0x20000054   Section      308  main.o(.bss)
    .bss                                     0x20000188   Section       84  stdio_streams.o(.bss)
    .bss                                     0x200001dc   Section       84  stdio_streams.o(.bss)
    .bss                                     0x20000230   Section       84  stdio_streams.o(.bss)
    .bss                                     0x20000284   Section       96  libspace.o(.bss)
    HEAP                                     0x200002e8   Section      512  startup_stm32l432xx.o(HEAP)
    Heap_Mem                                 0x200002e8   Data         512  startup_stm32l432xx.o(HEAP)
    STACK                                    0x200004e8   Section     1024  startup_stm32l432xx.o(STACK)
    Stack_Mem                                0x200004e8   Data        1024  startup_stm32l432xx.o(STACK)
    __initial_sp                             0x200008e8   Data           0  startup_stm32l432xx.o(STACK)

    Global Symbols

    Symbol Name                              Value     Ov Type        Size  Object(Section)

    BuildAttributes$$THM_ISAv4$E$P$D$K$B$S$7EM$VFPi3$EXTD16$VFPS$VFMA$PE$A:L22UL41UL21$X:L11$S22US41US21$IEEE1$IW$USESV6$~STKCKD$USESV7$~SHL$OTIME$ROPI$EBA8$UX$STANDARDLIB$REQ8$PRES8$EABIv2 0x00000000   Number         0  anon$$obj.o ABSOLUTE
    __ARM_use_no_argv                        0x00000000   Number         0  main.o ABSOLUTE
    _printf_flags                            0x00000000   Number         0  printf_stubs.o ABSOLUTE
    _printf_return_value                     0x00000000   Number         0  printf_stubs.o ABSOLUTE
    _printf_sizespec                         0x00000000   Number         0  printf_stubs.o ABSOLUTE
    _printf_widthprec                        0x00000000   Number         0  printf_stubs.o ABSOLUTE
    __ARM_exceptions_init                     - Undefined Weak Reference
    __alloca_initialize                       - Undefined Weak Reference
    __arm_fini_                               - Undefined Weak Reference
    __arm_preinit_                            - Undefined Weak Reference
    __cpp_initialize__aeabi_                  - Undefined Weak Reference
    __cxa_finalize                            - Undefined Weak Reference
    __rt_locale                               - Undefined Weak Reference
    __sigvec_lookup                           - Undefined Weak Reference
    __user_heap_extent                        - Undefined Weak Reference
    _atexit_init                              - Undefined Weak Reference
    _call_atexit_fns                          - Undefined Weak Reference
    _clock_init                               - Undefined Weak Reference
    _fp_trap_init                             - Undefined Weak Reference
    _fp_trap_shutdown                         - Undefined Weak Reference
    _get_lc_collate                           - Undefined Weak Reference
    _get_lc_ctype                             - Undefined Weak Reference
    _get_lc_monetary                          - Undefined Weak Reference
    _get_lc_numeric                           - Undefined Weak Reference
    _get_lc_time                              - Undefined Weak Reference
    _getenv_init                              - Undefined Weak Reference
    _handle_redirection                       - Undefined Weak Reference
    _mutex_acquire                            - Undefined Weak Reference
    _mutex_free                               - Undefined Weak Reference
    _mutex_release                            - Undefined Weak Reference
    _printf_mbtowc                            - Undefined Weak Reference
    _printf_truncate_unsigned                 - Undefined Weak Reference
    _rand_init                                - Undefined Weak Reference
    _signal_finish                            - Undefined Weak Reference
    _signal_init                              - Undefined Weak Reference
    __Vectors_Size                           0x0000018c   Number         0  startup_stm32l432xx.o ABSOLUTE
    __Vectors                                0x08000000   Data           4  startup_stm32l432xx.o(RESET)
    __Vectors_End                            0x0800018c   Data           0  startup_stm32l432xx.o(RESET)
    __main                                   0x0800018d   Thumb Code     8  __main.o(!!!main)
    __scatterload                            0x08000195   Thumb Code     0  __scatter.o(!!!scatter)
    __scatterload_rt2                        0x08000195   Thumb Code    44  __scatter.o(!!!scatter)
    __scatterload_rt2_thumb_only             0x08000195   Thumb Code     0  __scatter.o(!!!scatter)
    __scatterload_null                       0x080001a3   Thumb Code     0  __scatter.o(!!!scatter)
    __scatterload_copy                       0x080001c9   Thumb Code    26  __scatter_copy.o(!!handler_copy)
    __scatterload_zeroinit                   0x080001e5   Thumb Code    28  __scatter_zi.o(!!handler_zi)
    _printf_percent                          0x08000201   Thumb Code     0  _printf_percent.o(.ARM.Collect$$_printf_percent$$00000000)
    _printf_x                                0x08000201   Thumb Code     0  _printf_x.o(.ARM.Collect$$_printf_percent$$0000000C)
    _printf_s                                0x08000207   Thumb Code     0  _printf_s.o(.ARM.Collect$$_printf_percent$$00000014)
    _printf_percent_end                      0x0800020d   Thumb Code     0  _printf_percent_end.o(.ARM.Collect$$_printf_percent$$00000017)
    __rt_lib_init                            0x08000211   Thumb Code     0  libinit.o(.ARM.Collect$$libinit$$00000000)
    __rt_lib_init_fp_1                       0x08000213   Thumb Code     0  libinit2.o(.ARM.Collect$$libinit$$00000001)
    __rt_lib_init_heap_2                     0x08000217   Thumb Code     0  libinit2.o(.ARM.Collect$$libinit$$00000005)
    __rt_lib_init_preinit_1                  0x08000217   Thumb Code     0  libinit2.o(.ARM.Collect$$libinit$$00000004)
    __rt_lib_init_atexit_1                   0x0800021f   Thumb Code     0  libinit2.o(.ARM.Collect$$libinit$$0000001B)
    __rt_lib_init_clock_1                    0x0800021f   Thumb Code     0  libinit2.o(.ARM.Collect$$libinit$$00000021)
    __rt_lib_init_fp_trap_1                  0x0800021f   Thumb Code     0  libinit2.o(.ARM.Collect$$libinit$$0000001F)
    __rt_lib_init_getenv_1                   0x0800021f   Thumb Code     0  libinit2.o(.ARM.Collect$$libinit$$00000023)
    __rt_lib_init_heap_1                     0x0800021f   Thumb Code     0  libinit2.o(.ARM.Collect$$libinit$$0000000A)
    __rt_lib_init_lc_collate_1               0x0800021f   Thumb Code     0  libinit2.o(.ARM.Collect$$libinit$$00000011)
    __rt_lib_init_lc_ctype_1                 0x0800021f   Thumb Code     0  libinit2.o(.ARM.Collect$$libinit$$00000013)
    __rt_lib_init_lc_monetary_1              0x0800021f   Thumb Code     0  libinit2.o(.ARM.Collect$$libinit$$00000015)
    __rt_lib_init_lc_numeric_1               0x0800021f   Thumb Code     0  libinit2.o(.ARM.Collect$$libinit$$00000017)
    __rt_lib_init_lc_time_1                  0x0800021f   Thumb Code     0  libinit2.o(.ARM.Collect$$libinit$$00000019)
    __rt_lib_init_rand_1                     0x0800021f   Thumb Code     0  libinit2.o(.ARM.Collect$$libinit$$0000000E)
    __rt_lib_init_signal_1                   0x0800021f   Thumb Code     0  libinit2.o(.ARM.Collect$$libinit$$0000001D)
    __rt_lib_init_stdio_2                    0x0800021f   Thumb Code     0  libinit2.o(.ARM.Collect$$libinit$$00000024)
    __rt_lib_init_user_alloc_1               0x0800021f   Thumb Code     0  libinit2.o(.ARM.Collect$$libinit$$0000000C)
    __rt_lib_init_alloca_1                   0x08000223   Thumb Code     0  libinit2.o(.ARM.Collect$$libinit$$0000002E)
    __rt_lib_init_argv_1                     0x08000223   Thumb Code     0  libinit2.o(.ARM.Collect$$libinit$$0000002C)
    __rt_lib_init_cpp_1                      0x08000223   Thumb Code     0  libinit2.o(.ARM.Collect$$libinit$$00000032)
    __rt_lib_init_exceptions_1               0x08000223   Thumb Code     0  libinit2.o(.ARM.Collect$$libinit$$00000030)
    __rt_lib_init_return                     0x08000223   Thumb Code     0  libinit2.o(.ARM.Collect$$libinit$$00000033)
    __rt_lib_init_stdio_1                    0x08000223   Thumb Code     0  libinit2.o(.ARM.Collect$$libinit$$00000025)
    __rt_lib_shutdown                        0x08000225   Thumb Code     0  libshutdown.o(.ARM.Collect$$libshutdown$$00000000)
    __rt_lib_shutdown_cpp_1                  0x08000227   Thumb Code     0  libshutdown2.o(.ARM.Collect$$libshutdown$$00000004)
    __rt_lib_shutdown_fini_1                 0x08000227   Thumb Code     0  libshutdown2.o(.ARM.Collect$$libshutdown$$00000002)
    __rt_lib_shutdown_stdio_2                0x08000227   Thumb Code     0  libshutdown2.o(.ARM.Collect$$libshutdown$$00000005)
    __rt_lib_shutdown_fp_trap_1              0x0800022b   Thumb Code     0  libshutdown2.o(.ARM.Collect$$libshutdown$$00000009)
    __rt_lib_shutdown_heap_1                 0x0800022b   Thumb Code     0  libshutdown2.o(.ARM.Collect$$libshutdown$$00000011)
    __rt_lib_shutdown_return                 0x0800022b   Thumb Code     0  libshutdown2.o(.ARM.Collect$$libshutdown$$00000012)
    __rt_lib_shutdown_signal_1               0x0800022b   Thumb Code     0  libshutdown2.o(.ARM.Collect$$libshutdown$$0000000C)
    __rt_lib_shutdown_stdio_1                0x0800022b   Thumb Code     0  libshutdown2.o(.ARM.Collect$$libshutdown$$00000006)
    __rt_lib_shutdown_user_alloc_1           0x0800022b   Thumb Code     0  libshutdown2.o(.ARM.Collect$$libshutdown$$0000000E)
    __rt_entry                               0x0800022d   Thumb Code     0  __rtentry.o(.ARM.Collect$$rtentry$$00000000)
    __rt_entry_presh_1                       0x0800022d   Thumb Code     0  __rtentry2.o(.ARM.Collect$$rtentry$$00000002)
    __rt_entry_sh                            0x0800022d   Thumb Code     0  __rtentry4.o(.ARM.Collect$$rtentry$$00000004)
    __rt_entry_li                            0x08000233   Thumb Code     0  __rtentry2.o(.ARM.Collect$$rtentry$$0000000A)
    __rt_entry_postsh_1                      0x08000233   Thumb Code     0  __rtentry2.o(.ARM.Collect$$rtentry$$00000009)
    __rt_entry_main                          0x08000237   Thumb Code     0  __rtentry2.o(.ARM.Collect$$rtentry$$0000000D)
    __rt_entry_postli_1                      0x08000237   Thumb Code     0  __rtentry2.o(.ARM.Collect$$rtentry$$0000000C)
    __rt_exit                                0x0800023f   Thumb Code     0  rtexit.o(.ARM.Collect$$rtexit$$00000000)
    __rt_exit_ls                             0x08000241   Thumb Code     0  rtexit2.o(.ARM.Collect$$rtexit$$00000003)
    __rt_exit_prels_1                        0x08000241   Thumb Code     0  rtexit2.o(.ARM.Collect$$rtexit$$00000002)
    __rt_exit_exit                           0x08000245   Thumb Code     0  rtexit2.o(.ARM.Collect$$rtexit$$00000004)
    Reset_Handler                            0x0800024d   Thumb Code     8  startup_stm32l432xx.o(.text)
    _maybe_terminate_alloc                   0x0800024d   Thumb Code     0  maybetermalloc1.o(.emb_text)
    ADC1_IRQHandler                          0x08000267   Thumb Code     0  startup_stm32l432xx.o(.text)
    CAN1_RX0_IRQHandler                      0x08000267   Thumb Code     0  startup_stm32l432xx.o(.text)
    CAN1_RX1_IRQHandler                      0x08000267   Thumb Code     0  startup_stm32l432xx.o(.text)
    CAN1_SCE_IRQHandler                      0x08000267   Thumb Code     0  startup_stm32l432xx.o(.text)
    CAN1_TX_IRQHandler                       0x08000267   Thumb Code     0  startup_stm32l432xx.o(.text)
    COMP_IRQHandler                          0x08000267   Thumb Code     0  startup_stm32l432xx.o(.text)
    CRS_IRQHandler                           0x08000267   Thumb Code     0  startup_stm32l432xx.o(.text)
    DMA1_Channel1_IRQHandler                 0x08000267   Thumb Code     0  startup_stm32l432xx.o(.text)
    DMA1_Channel2_IRQHandler                 0x08000267   Thumb Code     0  startup_stm32l432xx.o(.text)
    DMA1_Channel3_IRQHandler                 0x08000267   Thumb Code     0  startup_stm32l432xx.o(.text)
    DMA1_Channel4_IRQHandler                 0x08000267   Thumb Code     0  startup_stm32l432xx.o(.text)
    DMA1_Channel5_IRQHandler                 0x08000267   Thumb Code     0  startup_stm32l432xx.o(.text)
    DMA1_Channel6_IRQHandler                 0x08000267   Thumb Code     0  startup_stm32l432xx.o(.text)
    DMA1_Channel7_IRQHandler                 0x08000267   Thumb Code     0  startup_stm32l432xx.o(.text)
    DMA2_Channel1_IRQHandler                 0x08000267   Thumb Code     0  startup_stm32l432xx.o(.text)
    DMA2_Channel2_IRQHandler                 0x08000267   Thumb Code     0  startup_stm32l432xx.o(.text)
    DMA2_Channel3_IRQHandler                 0x08000267   Thumb Code     0  startup_stm32l432xx.o(.text)
    DMA2_Channel4_IRQHandler                 0x08000267   Thumb Code     0  startup_stm32l432xx.o(.text)
    DMA2_Channel5_IRQHandler                 0x08000267   Thumb Code     0  startup_stm32l432xx.o(.text)
    DMA2_Channel6_IRQHandler                 0x08000267   Thumb Code     0  startup_stm32l432xx.o(.text)
    DMA2_Channel7_IRQHandler                 0x08000267   Thumb Code     0  startup_stm32l432xx.o(.text)
    EXTI0_IRQHandler                         0x08000267   Thumb Code     0  startup_stm32l432xx.o(.text)
    EXTI15_10_IRQHandler                     0x08000267   Thumb Code     0  startup_stm32l432xx.o(.text)
    EXTI1_IRQHandler                         0x08000267   Thumb Code     0  startup_stm32l432xx.o(.text)
    EXTI2_IRQHandler                         0x08000267   Thumb Code     0  startup_stm32l432xx.o(.text)
    EXTI3_IRQHandler                         0x08000267   Thumb Code     0  startup_stm32l432xx.o(.text)
    EXTI4_IRQHandler                         0x08000267   Thumb Code     0  startup_stm32l432xx.o(.text)
    EXTI9_5_IRQHandler                       0x08000267   Thumb Code     0  startup_stm32l432xx.o(.text)
    FLASH_IRQHandler                         0x08000267   Thumb Code     0  startup_stm32l432xx.o(.text)
    FPU_IRQHandler                           0x08000267   Thumb Code     0  startup_stm32l432xx.o(.text)
    I2C1_ER_IRQHandler                       0x08000267   Thumb Code     0  startup_stm32l432xx.o(.text)
    I2C1_EV_IRQHandler                       0x08000267   Thumb Code     0  startup_stm32l432xx.o(.text)
    I2C3_ER_IRQHandler                       0x08000267   Thumb Code     0  startup_stm32l432xx.o(.text)
    I2C3_EV_IRQHandler                       0x08000267   Thumb Code     0  startup_stm32l432xx.o(.text)
    LPTIM1_IRQHandler                        0x08000267   Thumb Code     0  startup_stm32l432xx.o(.text)
    LPTIM2_IRQHandler                        0x08000267   Thumb Code     0  startup_stm32l432xx.o(.text)
    LPUART1_IRQHandler                       0x08000267   Thumb Code     0  startup_stm32l432xx.o(.text)
    PVD_PVM_IRQHandler                       0x08000267   Thumb Code     0  startup_stm32l432xx.o(.text)
    QUADSPI_IRQHandler                       0x08000267   Thumb Code     0  startup_stm32l432xx.o(.text)
    RCC_IRQHandler                           0x08000267   Thumb Code     0  startup_stm32l432xx.o(.text)
    RNG_IRQHandler                           0x08000267   Thumb Code     0  startup_stm32l432xx.o(.text)
    RTC_Alarm_IRQHandler                     0x08000267   Thumb Code     0  startup_stm32l432xx.o(.text)
    RTC_WKUP_IRQHandler                      0x08000267   Thumb Code     0  startup_stm32l432xx.o(.text)
    SAI1_IRQHandler                          0x08000267   Thumb Code     0  startup_stm32l432xx.o(.text)
    SPI1_IRQHandler                          0x08000267   Thumb Code     0  startup_stm32l432xx.o(.text)
    SPI3_IRQHandler                          0x08000267   Thumb Code     0  startup_stm32l432xx.o(.text)
    SWPMI1_IRQHandler                        0x08000267   Thumb Code     0  startup_stm32l432xx.o(.text)
    TAMP_STAMP_IRQHandler                    0x08000267   Thumb Code     0  startup_stm32l432xx.o(.text)
    TIM1_BRK_TIM15_IRQHandler                0x08000267   Thumb Code     0  startup_stm32l432xx.o(.text)
    TIM1_CC_IRQHandler                       0x08000267   Thumb Code     0  startup_stm32l432xx.o(.text)
    TIM1_TRG_COM_IRQHandler                  0x08000267   Thumb Code     0  startup_stm32l432xx.o(.text)
    TIM1_UP_TIM16_IRQHandler                 0x08000267   Thumb Code     0  startup_stm32l432xx.o(.text)
    TIM6_DAC_IRQHandler                      0x08000267   Thumb Code     0  startup_stm32l432xx.o(.text)
    TIM7_IRQHandler                          0x08000267   Thumb Code     0  startup_stm32l432xx.o(.text)
    TSC_IRQHandler                           0x08000267   Thumb Code     0  startup_stm32l432xx.o(.text)
    USART1_IRQHandler                        0x08000267   Thumb Code     0  startup_stm32l432xx.o(.text)
    USB_IRQHandler                           0x08000267   Thumb Code     0  startup_stm32l432xx.o(.text)
    WWDG_IRQHandler                          0x08000267   Thumb Code     0  startup_stm32l432xx.o(.text)
    __user_initial_stackheap                 0x08000269   Thumb Code     0  startup_stm32l432xx.o(.text)
    malloc                                   0x0800028d   Thumb Code    94  h1_alloc.o(.text)
    free                                     0x080002eb   Thumb Code    78  h1_free.o(.text)
    __aeabi_uldivmod                         0x08000339   Thumb Code     0  lludivv7m.o(.text)
    _ll_udiv                                 0x08000339   Thumb Code   238  lludivv7m.o(.text)
    __2printf                                0x08000429   Thumb Code    20  noretval__2printf.o(.text)
    __2sprintf                               0x08000441   Thumb Code    34  noretval__2sprintf.o(.text)
    _printf_pre_padding                      0x08000469   Thumb Code    44  _printf_pad.o(.text)
    _printf_post_padding                     0x08000495   Thumb Code    34  _printf_pad.o(.text)
    _printf_str                              0x080004b7   Thumb Code    82  _printf_str.o(.text)
    _printf_int_hex                          0x08000509   Thumb Code    84  _printf_hex_int.o(.text)
    _printf_longlong_hex                     0x08000509   Thumb Code     0  _printf_hex_int.o(.text)
    __printf                                 0x08000561   Thumb Code   308  __printf_flags_wp.o(.text)
    memcmp                                   0x0800069f   Thumb Code    88  memcmp.o(.text)
    strlen                                   0x080006f7   Thumb Code    62  strlen.o(.text)
    strcat                                   0x08000735   Thumb Code    24  strcat.o(.text)
    __aeabi_memcpy4                          0x0800074d   Thumb Code     0  rt_memcpy_w.o(.text)
    __aeabi_memcpy8                          0x0800074d   Thumb Code     0  rt_memcpy_w.o(.text)
    __rt_memcpy_w                            0x0800074d   Thumb Code   100  rt_memcpy_w.o(.text)
    _memcpy_lastbytes_aligned                0x08000795   Thumb Code     0  rt_memcpy_w.o(.text)
    __aeabi_memclr                           0x080007b1   Thumb Code     0  rt_memclr.o(.text)
    __rt_memclr                              0x080007b1   Thumb Code    68  rt_memclr.o(.text)
    _memset                                  0x080007b5   Thumb Code     0  rt_memclr.o(.text)
    __aeabi_memclr4                          0x080007f5   Thumb Code     0  rt_memclr_w.o(.text)
    __aeabi_memclr8                          0x080007f5   Thumb Code     0  rt_memclr_w.o(.text)
    __rt_memclr_w                            0x080007f5   Thumb Code    78  rt_memclr_w.o(.text)
    _memset_w                                0x080007f9   Thumb Code     0  rt_memclr_w.o(.text)
    __use_two_region_memory                  0x08000843   Thumb Code     2  heapauxi.o(.text)
    __rt_heap_escrow                         0x08000845   Thumb Code     2  heapauxi.o(.text)
    __rt_heap_expand                         0x08000847   Thumb Code     2  heapauxi.o(.text)
    __rt_heap_descriptor                     0x08000849   Thumb Code     8  rt_heap_descriptor_intlibspace.o(.text)
    __use_no_heap                            0x08000851   Thumb Code     2  hguard.o(.text)
    __heap$guard                             0x08000853   Thumb Code     2  hguard.o(.text)
    _terminate_user_alloc                    0x08000855   Thumb Code     2  init_alloc.o(.text)
    _init_user_alloc                         0x08000857   Thumb Code     2  init_alloc.o(.text)
    __Heap_Full                              0x08000859   Thumb Code    34  init_alloc.o(.text)
    __Heap_Broken                            0x0800087b   Thumb Code     6  init_alloc.o(.text)
    _init_alloc                              0x08000881   Thumb Code    94  init_alloc.o(.text)
    __Heap_Initialize                        0x080008df   Thumb Code    10  h1_init.o(.text)
    __Heap_DescSize                          0x080008e9   Thumb Code     4  h1_init.o(.text)
    _printf_int_common                       0x080008ed   Thumb Code   178  _printf_intcommon.o(.text)
    _printf_char_common                      0x080009ab   Thumb Code    32  _printf_char_common.o(.text)
    _sputc                                   0x080009d1   Thumb Code    10  _sputc.o(.text)
    _printf_cs_common                        0x080009db   Thumb Code    20  _printf_char.o(.text)
    _printf_char                             0x080009ef   Thumb Code    16  _printf_char.o(.text)
    _printf_string                           0x080009ff   Thumb Code     8  _printf_char.o(.text)
    _printf_char_file                        0x08000a09   Thumb Code    32  _printf_char_file.o(.text)
    __user_libspace                          0x08000a2d   Thumb Code     8  libspace.o(.text)
    __user_perproc_libspace                  0x08000a2d   Thumb Code     0  libspace.o(.text)
    __user_perthread_libspace                0x08000a2d   Thumb Code     0  libspace.o(.text)
    __Heap_ProvideMemory                     0x08000a35   Thumb Code    52  h1_extend.o(.text)
    ferror                                   0x08000a69   Thumb Code     8  ferror.o(.text)
    _initio                                  0x08000a71   Thumb Code   210  initio.o(.text)
    _terminateio                             0x08000b43   Thumb Code    56  initio.o(.text)
    __rt_SIGRTMEM                            0x08000ba9   Thumb Code    14  defsig_rtmem_outer.o(.text)
    _sys_open                                0x08000bb7   Thumb Code    20  sys_io.o(.text)
    _sys_close                               0x08000bcb   Thumb Code    12  sys_io.o(.text)
    _sys_write                               0x08000bd7   Thumb Code    16  sys_io.o(.text)
    _sys_read                                0x08000be7   Thumb Code    14  sys_io.o(.text)
    _sys_istty                               0x08000bf5   Thumb Code    12  sys_io.o(.text)
    _sys_seek                                0x08000c01   Thumb Code    14  sys_io.o(.text)
    _sys_ensure                              0x08000c0f   Thumb Code     2  sys_io.o(.text)
    _sys_flen                                0x08000c11   Thumb Code    12  sys_io.o(.text)
    __I$use$semihosting                      0x08000c1d   Thumb Code     0  use_no_semi.o(.text)
    __use_no_semihosting_swi                 0x08000c1d   Thumb Code     2  use_no_semi.o(.text)
    __semihosting_library_function           0x08000c1f   Thumb Code     0  indicate_semi.o(.text)
    __user_setup_stackheap                   0x08000c1f   Thumb Code    74  sys_stackheap_outer.o(.text)
    __flsbuf                                 0x08000c69   Thumb Code   470  flsbuf.o(.text)
    __flsbuf_byte                            0x08000c69   Thumb Code     0  flsbuf.o(.text)
    __flsbuf_wide                            0x08000c69   Thumb Code     0  flsbuf.o(.text)
    setvbuf                                  0x08000e3f   Thumb Code    70  setvbuf.o(.text)
    freopen                                  0x08000e85   Thumb Code   158  fopen.o(.text)
    fopen                                    0x08000f23   Thumb Code    74  fopen.o(.text)
    _fclose_internal                         0x08000f71   Thumb Code    76  fclose.o(.text)
    fclose                                   0x08000f71   Thumb Code     0  fclose.o(.text)
    exit                                     0x08000fbd   Thumb Code    18  exit.o(.text)
    __sig_exit                               0x08000fcf   Thumb Code    10  defsig_exit.o(.text)
    __rt_SIGRTRED                            0x08000fd9   Thumb Code    14  defsig_rtred_outer.o(.text)
    __rt_SIGRTMEM_inner                      0x08000fe9   Thumb Code    22  defsig_rtmem_inner.o(.text)
    _sys_exit                                0x08001039   Thumb Code     8  sys_exit.o(.text)
    _fseek                                   0x08001045   Thumb Code   242  fseek.o(.text)
    fseek                                    0x08001045   Thumb Code     0  fseek.o(.text)
    _seterr                                  0x0800113d   Thumb Code    20  stdio.o(.text)
    _writebuf                                0x08001151   Thumb Code    84  stdio.o(.text)
    _fflush                                  0x080011a5   Thumb Code    70  stdio.o(.text)
    _deferredlazyseek                        0x080011eb   Thumb Code    60  stdio.o(.text)
    __default_signal_display                 0x0800122d   Thumb Code    50  defsig_general.o(.text)
    __rt_SIGRTRED_inner                      0x08001261   Thumb Code    14  defsig_rtred_inner.o(.text)
    _ttywrch                                 0x08001295   Thumb Code    14  sys_wrch.o(.text)
    _ftell_internal                          0x080012a3   Thumb Code    66  ftell.o(.text)
    ftell                                    0x080012a3   Thumb Code     0  ftell.o(.text)
    __aeabi_errno_addr                       0x080012e5   Thumb Code     8  rt_errno_addr_intlibspace.o(.text)
    __errno$intlibspace                      0x080012e5   Thumb Code     0  rt_errno_addr_intlibspace.o(.text)
    __rt_errno_addr$intlibspace              0x080012e5   Thumb Code     0  rt_errno_addr_intlibspace.o(.text)
    BusFault_Handler                         0x080012ed   Thumb Code     2  stm32l4xx_it.o(i.BusFault_Handler)
    DebugMon_Handler                         0x080012ef   Thumb Code     2  stm32l4xx_it.o(i.DebugMon_Handler)
    Error_Handler                            0x080012f1   Thumb Code     4  main.o(i.Error_Handler)
    HAL_DMA_Abort                            0x080012f5   Thumb Code    74  stm32l4xx_hal_dma.o(i.HAL_DMA_Abort)
    HAL_DMA_Abort_IT                         0x0800133f   Thumb Code    78  stm32l4xx_hal_dma.o(i.HAL_DMA_Abort_IT)
    HAL_Delay                                0x0800138d   Thumb Code    32  stm32l4xx_hal.o(i.HAL_Delay)
    HAL_GPIO_Init                            0x080013b1   Thumb Code   392  stm32l4xx_hal_gpio.o(i.HAL_GPIO_Init)
    HAL_GPIO_WritePin                        0x08001553   Thumb Code    10  stm32l4xx_hal_gpio.o(i.HAL_GPIO_WritePin)
    HAL_GetTick                              0x0800155d   Thumb Code     6  stm32l4xx_hal.o(i.HAL_GetTick)
    HAL_IncTick                              0x08001569   Thumb Code    12  stm32l4xx_hal.o(i.HAL_IncTick)
    HAL_Init                                 0x08001579   Thumb Code    30  stm32l4xx_hal.o(i.HAL_Init)
    HAL_InitTick                             0x08001599   Thumb Code    58  stm32l4xx_hal.o(i.HAL_InitTick)
    HAL_MspInit                              0x080015dd   Thumb Code    38  stm32l4xx_hal_msp.o(i.HAL_MspInit)
    HAL_NVIC_EnableIRQ                       0x08001609   Thumb Code    26  stm32l4xx_hal_cortex.o(i.HAL_NVIC_EnableIRQ)
    HAL_NVIC_SetPriority                     0x08001625   Thumb Code    60  stm32l4xx_hal_cortex.o(i.HAL_NVIC_SetPriority)
    HAL_NVIC_SetPriorityGrouping             0x08001665   Thumb Code    26  stm32l4xx_hal_cortex.o(i.HAL_NVIC_SetPriorityGrouping)
    HAL_PWREx_ControlVoltageScaling          0x08001689   Thumb Code    90  stm32l4xx_hal_pwr_ex.o(i.HAL_PWREx_ControlVoltageScaling)
    HAL_PWREx_GetVoltageRange                0x080016f1   Thumb Code    10  stm32l4xx_hal_pwr_ex.o(i.HAL_PWREx_GetVoltageRange)
    HAL_PWR_EnableBkUpAccess                 0x08001701   Thumb Code    12  stm32l4xx_hal_pwr.o(i.HAL_PWR_EnableBkUpAccess)
    HAL_RCCEx_EnableMSIPLLMode               0x08001711   Thumb Code    12  stm32l4xx_hal_rcc_ex.o(i.HAL_RCCEx_EnableMSIPLLMode)
    HAL_RCCEx_PeriphCLKConfig                0x08001721   Thumb Code   634  stm32l4xx_hal_rcc_ex.o(i.HAL_RCCEx_PeriphCLKConfig)
    HAL_RCC_ClockConfig                      0x080019ad   Thumb Code   266  stm32l4xx_hal_rcc.o(i.HAL_RCC_ClockConfig)
    HAL_RCC_GetPCLK1Freq                     0x08001acd   Thumb Code    24  stm32l4xx_hal_rcc.o(i.HAL_RCC_GetPCLK1Freq)
    HAL_RCC_GetPCLK2Freq                     0x08001af1   Thumb Code    24  stm32l4xx_hal_rcc.o(i.HAL_RCC_GetPCLK2Freq)
    HAL_RCC_GetSysClockFreq                  0x08001b15   Thumb Code   150  stm32l4xx_hal_rcc.o(i.HAL_RCC_GetSysClockFreq)
    HAL_RCC_OscConfig                        0x08001bb9   Thumb Code  1382  stm32l4xx_hal_rcc.o(i.HAL_RCC_OscConfig)
    HAL_SPI_Init                             0x08002125   Thumb Code   224  stm32l4xx_hal_spi.o(i.HAL_SPI_Init)
    HAL_SPI_MspInit                          0x08002205   Thumb Code    90  stm32l4xx_hal_msp.o(i.HAL_SPI_MspInit)
    HAL_SPI_TransmitReceive                  0x08002269   Thumb Code   610  stm32l4xx_hal_spi.o(i.HAL_SPI_TransmitReceive)
    HAL_SYSTICK_Config                       0x080024d1   Thumb Code    40  stm32l4xx_hal_cortex.o(i.HAL_SYSTICK_Config)
    HAL_TIMEx_Break2Callback                 0x080024f9   Thumb Code     2  stm32l4xx_hal_tim_ex.o(i.HAL_TIMEx_Break2Callback)
    HAL_TIMEx_BreakCallback                  0x080024fb   Thumb Code     2  stm32l4xx_hal_tim_ex.o(i.HAL_TIMEx_BreakCallback)
    HAL_TIMEx_CommutCallback                 0x080024fd   Thumb Code     2  stm32l4xx_hal_tim_ex.o(i.HAL_TIMEx_CommutCallback)
    HAL_TIMEx_MasterConfigSynchronization    0x08002501   Thumb Code    98  stm32l4xx_hal_tim_ex.o(i.HAL_TIMEx_MasterConfigSynchronization)
    HAL_TIM_Base_Init                        0x0800256d   Thumb Code    98  stm32l4xx_hal_tim.o(i.HAL_TIM_Base_Init)
    HAL_TIM_Base_MspInit                     0x080025d1   Thumb Code    50  stm32l4xx_hal_msp.o(i.HAL_TIM_Base_MspInit)
    HAL_TIM_Base_Start_IT                    0x08002609   Thumb Code    76  stm32l4xx_hal_tim.o(i.HAL_TIM_Base_Start_IT)
    HAL_TIM_ConfigClockSource                0x08002661   Thumb Code   214  stm32l4xx_hal_tim.o(i.HAL_TIM_ConfigClockSource)
    HAL_TIM_IC_CaptureCallback               0x0800273d   Thumb Code     2  stm32l4xx_hal_tim.o(i.HAL_TIM_IC_CaptureCallback)
    HAL_TIM_IRQHandler                       0x0800273f   Thumb Code   388  stm32l4xx_hal_tim.o(i.HAL_TIM_IRQHandler)
    HAL_TIM_OC_DelayElapsedCallback          0x080028c3   Thumb Code     2  stm32l4xx_hal_tim.o(i.HAL_TIM_OC_DelayElapsedCallback)
    HAL_TIM_PWM_PulseFinishedCallback        0x080028c5   Thumb Code     2  stm32l4xx_hal_tim.o(i.HAL_TIM_PWM_PulseFinishedCallback)
    HAL_TIM_PeriodElapsedCallback            0x080028c7   Thumb Code     2  stm32l4xx_hal_tim.o(i.HAL_TIM_PeriodElapsedCallback)
    HAL_TIM_TriggerCallback                  0x080028c9   Thumb Code     2  stm32l4xx_hal_tim.o(i.HAL_TIM_TriggerCallback)
    HAL_UARTEx_RxEventCallback               0x080028cb   Thumb Code     2  stm32l4xx_hal_uart.o(i.HAL_UARTEx_RxEventCallback)
    HAL_UARTEx_WakeupCallback                0x080028cd   Thumb Code     2  stm32l4xx_hal_uart_ex.o(i.HAL_UARTEx_WakeupCallback)
    HAL_UART_ErrorCallback                   0x080028cf   Thumb Code     2  stm32l4xx_hal_uart.o(i.HAL_UART_ErrorCallback)
    HAL_UART_IRQHandler                      0x080028d1   Thumb Code   562  stm32l4xx_hal_uart.o(i.HAL_UART_IRQHandler)
    HAL_UART_Init                            0x08002b0d   Thumb Code   102  stm32l4xx_hal_uart.o(i.HAL_UART_Init)
    HAL_UART_MspInit                         0x08002b75   Thumb Code   128  stm32l4xx_hal_msp.o(i.HAL_UART_MspInit)
    HAL_UART_Receive                         0x08002bfd   Thumb Code   248  stm32l4xx_hal_uart.o(i.HAL_UART_Receive)
    HAL_UART_Transmit                        0x08002cfd   Thumb Code   182  stm32l4xx_hal_uart.o(i.HAL_UART_Transmit)
    HAL_UART_TxCpltCallback                  0x08002db3   Thumb Code     2  stm32l4xx_hal_uart.o(i.HAL_UART_TxCpltCallback)
    HardFault_Handler                        0x08002db5   Thumb Code     2  stm32l4xx_it.o(i.HardFault_Handler)
    MemManage_Handler                        0x08002f25   Thumb Code     2  stm32l4xx_it.o(i.MemManage_Handler)
    Message_handler                          0x08002f29   Thumb Code   118  mylibrary.o(i.Message_handler)
    NMI_Handler                              0x08002fdd   Thumb Code     2  stm32l4xx_it.o(i.NMI_Handler)
    PN532_CallFunction                       0x08002fe1   Thumb Code   208  pn532.o(i.PN532_CallFunction)
    PN532_GetFirmwareVersion                 0x0800311d   Thumb Code    48  pn532.o(i.PN532_GetFirmwareVersion)
    PN532_Log                                0x08003169   Thumb Code     8  pn532_stm32f1.o(i.PN532_Log)
    PN532_ReadFrame                          0x08003179   Thumb Code   164  pn532.o(i.PN532_ReadFrame)
    PN532_ReadPassiveTarget                  0x080032d1   Thumb Code   112  pn532.o(i.PN532_ReadPassiveTarget)
    PN532_Reset                              0x0800338d   Thumb Code    62  pn532_stm32f1.o(i.PN532_Reset)
    PN532_SPI_Init                           0x080033cd   Thumb Code    28  pn532_stm32f1.o(i.PN532_SPI_Init)
    PN532_SPI_ReadData                       0x08003401   Thumb Code    62  pn532_stm32f1.o(i.PN532_SPI_ReadData)
    PN532_SPI_WaitReady                      0x08003441   Thumb Code    60  pn532_stm32f1.o(i.PN532_SPI_WaitReady)
    PN532_SPI_Wakeup                         0x08003481   Thumb Code    52  pn532_stm32f1.o(i.PN532_SPI_Wakeup)
    PN532_SPI_WriteData                      0x080034b5   Thumb Code    56  pn532_stm32f1.o(i.PN532_SPI_WriteData)
    PN532_SamConfiguration                   0x080034ed   Thumb Code    36  pn532.o(i.PN532_SamConfiguration)
    PN532_WriteFrame                         0x08003515   Thumb Code   122  pn532.o(i.PN532_WriteFrame)
    PendSV_Handler                           0x0800358f   Thumb Code     2  stm32l4xx_it.o(i.PendSV_Handler)
    SVC_Handler                              0x0800390d   Thumb Code     2  stm32l4xx_it.o(i.SVC_Handler)
    SysTick_Handler                          0x0800390f   Thumb Code     4  stm32l4xx_it.o(i.SysTick_Handler)
    SystemClock_Config                       0x08003915   Thumb Code   136  main.o(i.SystemClock_Config)
    SystemInit                               0x080039a1   Thumb Code    48  system_stm32l4xx.o(i.SystemInit)
    TIM2_IRQHandler                          0x080039dd   Thumb Code    38  stm32l4xx_it.o(i.TIM2_IRQHandler)
    TIM_Base_SetConfig                       0x08003a11   Thumb Code    94  stm32l4xx_hal_tim.o(i.TIM_Base_SetConfig)
    TIM_ETR_SetConfig                        0x08003a7d   Thumb Code    20  stm32l4xx_hal_tim.o(i.TIM_ETR_SetConfig)
    UART_AdvFeatureConfig                    0x08003ae7   Thumb Code   200  stm32l4xx_hal_uart.o(i.UART_AdvFeatureConfig)
    UART_CheckIdleState                      0x08003baf   Thumb Code    92  stm32l4xx_hal_uart.o(i.UART_CheckIdleState)
    UART_SetConfig                           0x08003c51   Thumb Code   450  stm32l4xx_hal_uart.o(i.UART_SetConfig)
    UART_WaitOnFlagUntilTimeout              0x08003e31   Thumb Code   164  stm32l4xx_hal_uart.o(i.UART_WaitOnFlagUntilTimeout)
    USART2_IRQHandler                        0x08003ed5   Thumb Code    50  stm32l4xx_it.o(i.USART2_IRQHandler)
    UsageFault_Handler                       0x08003f15   Thumb Code     2  stm32l4xx_it.o(i.UsageFault_Handler)
    _is_digit                                0x08003f37   Thumb Code    14  __printf_wp.o(i._is_digit)
    fputc                                    0x08003f45   Thumb Code    26  fputc.o(i.fputc)
    main                                     0x08003f61   Thumb Code   516  main.o(i.main)
    spi_rw                                   0x08004205   Thumb Code    62  pn532_stm32f1.o(i.spi_rw)
    string_compare                           0x08004249   Thumb Code    44  mylibrary.o(i.string_compare)
    _fp_init                                 0x08004275   Thumb Code    10  fpinit.o(x$fpl$fpinit)
    __fplib_config_fpu_vfp                   0x0800427d   Thumb Code     0  fpinit.o(x$fpl$fpinit)
    __fplib_config_pureend_doubles           0x0800427d   Thumb Code     0  fpinit.o(x$fpl$fpinit)
    PN532_ACK                                0x0800427e   Data           6  pn532.o(.constdata)
    AHBPrescTable                            0x08004284   Data          16  system_stm32l4xx.o(.constdata)
    MSIRangeTable                            0x08004294   Data          48  system_stm32l4xx.o(.constdata)
    APBPrescTable                            0x080042c4   Data           8  system_stm32l4xx.o(.constdata)
    __stdin_name                             0x08004305   Data           4  sys_io.o(.constdata)
    __stdout_name                            0x08004309   Data           4  sys_io.o(.constdata)
    __stderr_name                            0x0800430d   Data           4  sys_io.o(.constdata)
    Region$$Table$$Base                      0x08004314   Number         0  anon$$obj.o(Region$$Table)
    Region$$Table$$Limit                     0x08004334   Number         0  anon$$obj.o(Region$$Table)
    timer_count                              0x20000000   Data           1  mylibrary.o(.data)
    buffer_index                             0x20000001   Data           1  mylibrary.o(.data)
    uwTickFreq                               0x20000004   Data           1  stm32l4xx_hal.o(.data)
    uwTickPrio                               0x20000008   Data           4  stm32l4xx_hal.o(.data)
    uwTick                                   0x2000000c   Data           4  stm32l4xx_hal.o(.data)
    SystemCoreClock                          0x20000010   Data           4  system_stm32l4xx.o(.data)
    __aeabi_stdin                            0x20000014   Data           4  stdio_streams.o(.data)
    __aeabi_stdout                           0x20000018   Data           4  stdio_streams.o(.data)
    __aeabi_stderr                           0x2000001c   Data           4  stdio_streams.o(.data)
    buffer                                   0x20000020   Data          50  mylibrary.o(.bss)
    hspi1                                    0x20000054   Data         100  main.o(.bss)
    htim2                                    0x200000b8   Data          76  main.o(.bss)
    huart2                                   0x20000104   Data         132  main.o(.bss)
    __stdin                                  0x20000188   Data          84  stdio_streams.o(.bss)
    __stdout                                 0x200001dc   Data          84  stdio_streams.o(.bss)
    __stderr                                 0x20000230   Data          84  stdio_streams.o(.bss)
    __libspace_start                         0x20000284   Data          96  libspace.o(.bss)
    __temporary_stack_top$libspace           0x200002e4   Data           0  libspace.o(.bss)



==============================================================================

Memory Map of the image

  Image Entry point : 0x0800018d

  Load Region LR_IROM1 (Base: 0x08000000, Size: 0x00004354, Max: 0x00040000, ABSOLUTE)

    Execution Region ER_IROM1 (Exec base: 0x08000000, Load base: 0x08000000, Size: 0x00004334, Max: 0x00040000, ABSOLUTE)

    Exec Addr    Load Addr    Size         Type   Attr      Idx    E Section Name        Object

    0x08000000   0x08000000   0x0000018c   Data   RO            3    RESET               startup_stm32l432xx.o
    0x0800018c   0x0800018c   0x00000008   Code   RO         4510  * !!!main             c_w.l(__main.o)
    0x08000194   0x08000194   0x00000034   Code   RO         4809    !!!scatter          c_w.l(__scatter.o)
    0x080001c8   0x080001c8   0x0000001a   Code   RO         4811    !!handler_copy      c_w.l(__scatter_copy.o)
    0x080001e2   0x080001e2   0x00000002   PAD
    0x080001e4   0x080001e4   0x0000001c   Code   RO         4813    !!handler_zi        c_w.l(__scatter_zi.o)
    0x08000200   0x08000200   0x00000000   Code   RO         4495    .ARM.Collect$$_printf_percent$$00000000  c_w.l(_printf_percent.o)
    0x08000200   0x08000200   0x00000006   Code   RO         4494    .ARM.Collect$$_printf_percent$$0000000C  c_w.l(_printf_x.o)
    0x08000206   0x08000206   0x00000006   Code   RO         4493    .ARM.Collect$$_printf_percent$$00000014  c_w.l(_printf_s.o)
    0x0800020c   0x0800020c   0x00000004   Code   RO         4554    .ARM.Collect$$_printf_percent$$00000017  c_w.l(_printf_percent_end.o)
    0x08000210   0x08000210   0x00000002   Code   RO         4715    .ARM.Collect$$libinit$$00000000  c_w.l(libinit.o)
    0x08000212   0x08000212   0x00000004   Code   RO         4563    .ARM.Collect$$libinit$$00000001  c_w.l(libinit2.o)
    0x08000216   0x08000216   0x00000000   Code   RO         4566    .ARM.Collect$$libinit$$00000004  c_w.l(libinit2.o)
    0x08000216   0x08000216   0x00000008   Code   RO         4567    .ARM.Collect$$libinit$$00000005  c_w.l(libinit2.o)
    0x0800021e   0x0800021e   0x00000000   Code   RO         4569    .ARM.Collect$$libinit$$0000000A  c_w.l(libinit2.o)
    0x0800021e   0x0800021e   0x00000000   Code   RO         4571    .ARM.Collect$$libinit$$0000000C  c_w.l(libinit2.o)
    0x0800021e   0x0800021e   0x00000000   Code   RO         4573    .ARM.Collect$$libinit$$0000000E  c_w.l(libinit2.o)
    0x0800021e   0x0800021e   0x00000000   Code   RO         4576    .ARM.Collect$$libinit$$00000011  c_w.l(libinit2.o)
    0x0800021e   0x0800021e   0x00000000   Code   RO         4578    .ARM.Collect$$libinit$$00000013  c_w.l(libinit2.o)
    0x0800021e   0x0800021e   0x00000000   Code   RO         4580    .ARM.Collect$$libinit$$00000015  c_w.l(libinit2.o)
    0x0800021e   0x0800021e   0x00000000   Code   RO         4582    .ARM.Collect$$libinit$$00000017  c_w.l(libinit2.o)
    0x0800021e   0x0800021e   0x00000000   Code   RO         4584    .ARM.Collect$$libinit$$00000019  c_w.l(libinit2.o)
    0x0800021e   0x0800021e   0x00000000   Code   RO         4586    .ARM.Collect$$libinit$$0000001B  c_w.l(libinit2.o)
    0x0800021e   0x0800021e   0x00000000   Code   RO         4588    .ARM.Collect$$libinit$$0000001D  c_w.l(libinit2.o)
    0x0800021e   0x0800021e   0x00000000   Code   RO         4590    .ARM.Collect$$libinit$$0000001F  c_w.l(libinit2.o)
    0x0800021e   0x0800021e   0x00000000   Code   RO         4592    .ARM.Collect$$libinit$$00000021  c_w.l(libinit2.o)
    0x0800021e   0x0800021e   0x00000000   Code   RO         4594    .ARM.Collect$$libinit$$00000023  c_w.l(libinit2.o)
    0x0800021e   0x0800021e   0x00000004   Code   RO         4595    .ARM.Collect$$libinit$$00000024  c_w.l(libinit2.o)
    0x08000222   0x08000222   0x00000000   Code   RO         4596    .ARM.Collect$$libinit$$00000025  c_w.l(libinit2.o)
    0x08000222   0x08000222   0x00000000   Code   RO         4600    .ARM.Collect$$libinit$$0000002C  c_w.l(libinit2.o)
    0x08000222   0x08000222   0x00000000   Code   RO         4602    .ARM.Collect$$libinit$$0000002E  c_w.l(libinit2.o)
    0x08000222   0x08000222   0x00000000   Code   RO         4604    .ARM.Collect$$libinit$$00000030  c_w.l(libinit2.o)
    0x08000222   0x08000222   0x00000000   Code   RO         4606    .ARM.Collect$$libinit$$00000032  c_w.l(libinit2.o)
    0x08000222   0x08000222   0x00000002   Code   RO         4607    .ARM.Collect$$libinit$$00000033  c_w.l(libinit2.o)
    0x08000224   0x08000224   0x00000002   Code   RO         4806    .ARM.Collect$$libshutdown$$00000000  c_w.l(libshutdown.o)
    0x08000226   0x08000226   0x00000000   Code   RO         4717    .ARM.Collect$$libshutdown$$00000002  c_w.l(libshutdown2.o)
    0x08000226   0x08000226   0x00000000   Code   RO         4719    .ARM.Collect$$libshutdown$$00000004  c_w.l(libshutdown2.o)
    0x08000226   0x08000226   0x00000004   Code   RO         4720    .ARM.Collect$$libshutdown$$00000005  c_w.l(libshutdown2.o)
    0x0800022a   0x0800022a   0x00000000   Code   RO         4721    .ARM.Collect$$libshutdown$$00000006  c_w.l(libshutdown2.o)
    0x0800022a   0x0800022a   0x00000000   Code   RO         4724    .ARM.Collect$$libshutdown$$00000009  c_w.l(libshutdown2.o)
    0x0800022a   0x0800022a   0x00000000   Code   RO         4727    .ARM.Collect$$libshutdown$$0000000C  c_w.l(libshutdown2.o)
    0x0800022a   0x0800022a   0x00000000   Code   RO         4729    .ARM.Collect$$libshutdown$$0000000E  c_w.l(libshutdown2.o)
    0x0800022a   0x0800022a   0x00000000   Code   RO         4732    .ARM.Collect$$libshutdown$$00000011  c_w.l(libshutdown2.o)
    0x0800022a   0x0800022a   0x00000002   Code   RO         4733    .ARM.Collect$$libshutdown$$00000012  c_w.l(libshutdown2.o)
    0x0800022c   0x0800022c   0x00000000   Code   RO         4514    .ARM.Collect$$rtentry$$00000000  c_w.l(__rtentry.o)
    0x0800022c   0x0800022c   0x00000000   Code   RO         4614    .ARM.Collect$$rtentry$$00000002  c_w.l(__rtentry2.o)
    0x0800022c   0x0800022c   0x00000006   Code   RO         4626    .ARM.Collect$$rtentry$$00000004  c_w.l(__rtentry4.o)
    0x08000232   0x08000232   0x00000000   Code   RO         4616    .ARM.Collect$$rtentry$$00000009  c_w.l(__rtentry2.o)
    0x08000232   0x08000232   0x00000004   Code   RO         4617    .ARM.Collect$$rtentry$$0000000A  c_w.l(__rtentry2.o)
    0x08000236   0x08000236   0x00000000   Code   RO         4619    .ARM.Collect$$rtentry$$0000000C  c_w.l(__rtentry2.o)
    0x08000236   0x08000236   0x00000008   Code   RO         4620    .ARM.Collect$$rtentry$$0000000D  c_w.l(__rtentry2.o)
    0x0800023e   0x0800023e   0x00000002   Code   RO         4738    .ARM.Collect$$rtexit$$00000000  c_w.l(rtexit.o)
    0x08000240   0x08000240   0x00000000   Code   RO         4767    .ARM.Collect$$rtexit$$00000002  c_w.l(rtexit2.o)
    0x08000240   0x08000240   0x00000004   Code   RO         4768    .ARM.Collect$$rtexit$$00000003  c_w.l(rtexit2.o)
    0x08000244   0x08000244   0x00000006   Code   RO         4769    .ARM.Collect$$rtexit$$00000004  c_w.l(rtexit2.o)
    0x0800024a   0x0800024a   0x00000002   PAD
    0x0800024c   0x0800024c   0x00000000   Code   RO         4632    .emb_text           c_w.l(maybetermalloc1.o)
    0x0800024c   0x0800024c   0x00000040   Code   RO            4    .text               startup_stm32l432xx.o
    0x0800028c   0x0800028c   0x0000005e   Code   RO         4378    .text               c_w.l(h1_alloc.o)
    0x080002ea   0x080002ea   0x0000004e   Code   RO         4380    .text               c_w.l(h1_free.o)
    0x08000338   0x08000338   0x000000ee   Code   RO         4436    .text               c_w.l(lludivv7m.o)
    0x08000426   0x08000426   0x00000002   PAD
    0x08000428   0x08000428   0x00000018   Code   RO         4442    .text               c_w.l(noretval__2printf.o)
    0x08000440   0x08000440   0x00000028   Code   RO         4444    .text               c_w.l(noretval__2sprintf.o)
    0x08000468   0x08000468   0x0000004e   Code   RO         4448    .text               c_w.l(_printf_pad.o)
    0x080004b6   0x080004b6   0x00000052   Code   RO         4450    .text               c_w.l(_printf_str.o)
    0x08000508   0x08000508   0x00000058   Code   RO         4455    .text               c_w.l(_printf_hex_int.o)
    0x08000560   0x08000560   0x0000013e   Code   RO         4485    .text               c_w.l(__printf_flags_wp.o)
    0x0800069e   0x0800069e   0x00000058   Code   RO         4496    .text               c_w.l(memcmp.o)
    0x080006f6   0x080006f6   0x0000003e   Code   RO         4498    .text               c_w.l(strlen.o)
    0x08000734   0x08000734   0x00000018   Code   RO         4500    .text               c_w.l(strcat.o)
    0x0800074c   0x0800074c   0x00000064   Code   RO         4502    .text               c_w.l(rt_memcpy_w.o)
    0x080007b0   0x080007b0   0x00000044   Code   RO         4504    .text               c_w.l(rt_memclr.o)
    0x080007f4   0x080007f4   0x0000004e   Code   RO         4506    .text               c_w.l(rt_memclr_w.o)
    0x08000842   0x08000842   0x00000006   Code   RO         4508    .text               c_w.l(heapauxi.o)
    0x08000848   0x08000848   0x00000008   Code   RO         4522    .text               c_w.l(rt_heap_descriptor_intlibspace.o)
    0x08000850   0x08000850   0x00000004   Code   RO         4524    .text               c_w.l(hguard.o)
    0x08000854   0x08000854   0x0000008a   Code   RO         4526    .text               c_w.l(init_alloc.o)
    0x080008de   0x080008de   0x0000000e   Code   RO         4530    .text               c_w.l(h1_init.o)
    0x080008ec   0x080008ec   0x000000b2   Code   RO         4544    .text               c_w.l(_printf_intcommon.o)
    0x0800099e   0x0800099e   0x00000002   PAD
    0x080009a0   0x080009a0   0x00000030   Code   RO         4546    .text               c_w.l(_printf_char_common.o)
    0x080009d0   0x080009d0   0x0000000a   Code   RO         4548    .text               c_w.l(_sputc.o)
    0x080009da   0x080009da   0x0000002c   Code   RO         4550    .text               c_w.l(_printf_char.o)
    0x08000a06   0x08000a06   0x00000002   PAD
    0x08000a08   0x08000a08   0x00000024   Code   RO         4552    .text               c_w.l(_printf_char_file.o)
    0x08000a2c   0x08000a2c   0x00000008   Code   RO         4610    .text               c_w.l(libspace.o)
    0x08000a34   0x08000a34   0x00000034   Code   RO         4634    .text               c_w.l(h1_extend.o)
    0x08000a68   0x08000a68   0x00000008   Code   RO         4640    .text               c_w.l(ferror.o)
    0x08000a70   0x08000a70   0x00000138   Code   RO         4646    .text               c_w.l(initio.o)
    0x08000ba8   0x08000ba8   0x0000000e   Code   RO         4654    .text               c_w.l(defsig_rtmem_outer.o)
    0x08000bb6   0x08000bb6   0x00000066   Code   RO         4665    .text               c_w.l(sys_io.o)
    0x08000c1c   0x08000c1c   0x00000002   Code   RO         4670    .text               c_w.l(use_no_semi.o)
    0x08000c1e   0x08000c1e   0x00000000   Code   RO         4672    .text               c_w.l(indicate_semi.o)
    0x08000c1e   0x08000c1e   0x0000004a   Code   RO         4673    .text               c_w.l(sys_stackheap_outer.o)
    0x08000c68   0x08000c68   0x000001d6   Code   RO         4679    .text               c_w.l(flsbuf.o)
    0x08000e3e   0x08000e3e   0x00000046   Code   RO         4681    .text               c_w.l(setvbuf.o)
    0x08000e84   0x08000e84   0x000000ec   Code   RO         4684    .text               c_w.l(fopen.o)
    0x08000f70   0x08000f70   0x0000004c   Code   RO         4686    .text               c_w.l(fclose.o)
    0x08000fbc   0x08000fbc   0x00000012   Code   RO         4692    .text               c_w.l(exit.o)
    0x08000fce   0x08000fce   0x0000000a   Code   RO         4694    .text               c_w.l(defsig_exit.o)
    0x08000fd8   0x08000fd8   0x0000000e   Code   RO         4700    .text               c_w.l(defsig_rtred_outer.o)
    0x08000fe6   0x08000fe6   0x00000002   PAD
    0x08000fe8   0x08000fe8   0x00000050   Code   RO         4704    .text               c_w.l(defsig_rtmem_inner.o)
    0x08001038   0x08001038   0x0000000c   Code   RO         4736    .text               c_w.l(sys_exit.o)
    0x08001044   0x08001044   0x000000f8   Code   RO         4746    .text               c_w.l(fseek.o)
    0x0800113c   0x0800113c   0x000000f0   Code   RO         4748    .text               c_w.l(stdio.o)
    0x0800122c   0x0800122c   0x00000032   Code   RO         4756    .text               c_w.l(defsig_general.o)
    0x0800125e   0x0800125e   0x00000002   PAD
    0x08001260   0x08001260   0x00000034   Code   RO         4760    .text               c_w.l(defsig_rtred_inner.o)
    0x08001294   0x08001294   0x0000000e   Code   RO         4764    .text               c_w.l(sys_wrch.o)
    0x080012a2   0x080012a2   0x00000042   Code   RO         4777    .text               c_w.l(ftell.o)
    0x080012e4   0x080012e4   0x00000008   Code   RO         4790    .text               c_w.l(rt_errno_addr_intlibspace.o)
    0x080012ec   0x080012ec   0x00000002   Code   RO          428    i.BusFault_Handler  stm32l4xx_it.o
    0x080012ee   0x080012ee   0x00000002   Code   RO          429    i.DebugMon_Handler  stm32l4xx_it.o
    0x080012f0   0x080012f0   0x00000004   Code   RO          365    i.Error_Handler     main.o
    0x080012f4   0x080012f4   0x0000004a   Code   RO         2205    i.HAL_DMA_Abort     stm32l4xx_hal_dma.o
    0x0800133e   0x0800133e   0x0000004e   Code   RO         2206    i.HAL_DMA_Abort_IT  stm32l4xx_hal_dma.o
    0x0800138c   0x0800138c   0x00000024   Code   RO          938    i.HAL_Delay         stm32l4xx_hal.o
    0x080013b0   0x080013b0   0x000001a2   Code   RO         2141    i.HAL_GPIO_Init     stm32l4xx_hal_gpio.o
    0x08001552   0x08001552   0x0000000a   Code   RO         2145    i.HAL_GPIO_WritePin  stm32l4xx_hal_gpio.o
    0x0800155c   0x0800155c   0x0000000c   Code   RO          942    i.HAL_GetTick       stm32l4xx_hal.o
    0x08001568   0x08001568   0x00000010   Code   RO          948    i.HAL_IncTick       stm32l4xx_hal.o
    0x08001578   0x08001578   0x0000001e   Code   RO          949    i.HAL_Init          stm32l4xx_hal.o
    0x08001596   0x08001596   0x00000002   PAD
    0x08001598   0x08001598   0x00000044   Code   RO          950    i.HAL_InitTick      stm32l4xx_hal.o
    0x080015dc   0x080015dc   0x0000002c   Code   RO          520    i.HAL_MspInit       stm32l4xx_hal_msp.o
    0x08001608   0x08001608   0x0000001a   Code   RO         2658    i.HAL_NVIC_EnableIRQ  stm32l4xx_hal_cortex.o
    0x08001622   0x08001622   0x00000002   PAD
    0x08001624   0x08001624   0x00000040   Code   RO         2664    i.HAL_NVIC_SetPriority  stm32l4xx_hal_cortex.o
    0x08001664   0x08001664   0x00000024   Code   RO         2665    i.HAL_NVIC_SetPriorityGrouping  stm32l4xx_hal_cortex.o
    0x08001688   0x08001688   0x00000068   Code   RO         2432    i.HAL_PWREx_ControlVoltageScaling  stm32l4xx_hal_pwr_ex.o
    0x080016f0   0x080016f0   0x00000010   Code   RO         2459    i.HAL_PWREx_GetVoltageRange  stm32l4xx_hal_pwr_ex.o
    0x08001700   0x08001700   0x00000010   Code   RO         2324    i.HAL_PWR_EnableBkUpAccess  stm32l4xx_hal_pwr.o
    0x08001710   0x08001710   0x00000010   Code   RO         1768    i.HAL_RCCEx_EnableMSIPLLMode  stm32l4xx_hal_rcc_ex.o
    0x08001720   0x08001720   0x0000028a   Code   RO         1774    i.HAL_RCCEx_PeriphCLKConfig  stm32l4xx_hal_rcc_ex.o
    0x080019aa   0x080019aa   0x00000002   PAD
    0x080019ac   0x080019ac   0x00000120   Code   RO         1652    i.HAL_RCC_ClockConfig  stm32l4xx_hal_rcc.o
    0x08001acc   0x08001acc   0x00000024   Code   RO         1658    i.HAL_RCC_GetPCLK1Freq  stm32l4xx_hal_rcc.o
    0x08001af0   0x08001af0   0x00000024   Code   RO         1659    i.HAL_RCC_GetPCLK2Freq  stm32l4xx_hal_rcc.o
    0x08001b14   0x08001b14   0x000000a4   Code   RO         1660    i.HAL_RCC_GetSysClockFreq  stm32l4xx_hal_rcc.o
    0x08001bb8   0x08001bb8   0x0000056c   Code   RO         1663    i.HAL_RCC_OscConfig  stm32l4xx_hal_rcc.o
    0x08002124   0x08002124   0x000000e0   Code   RO          591    i.HAL_SPI_Init      stm32l4xx_hal_spi.o
    0x08002204   0x08002204   0x00000064   Code   RO          522    i.HAL_SPI_MspInit   stm32l4xx_hal_msp.o
    0x08002268   0x08002268   0x00000268   Code   RO          600    i.HAL_SPI_TransmitReceive  stm32l4xx_hal_spi.o
    0x080024d0   0x080024d0   0x00000028   Code   RO         2669    i.HAL_SYSTICK_Config  stm32l4xx_hal_cortex.o
    0x080024f8   0x080024f8   0x00000002   Code   RO         3576    i.HAL_TIMEx_Break2Callback  stm32l4xx_hal_tim_ex.o
    0x080024fa   0x080024fa   0x00000002   Code   RO         3577    i.HAL_TIMEx_BreakCallback  stm32l4xx_hal_tim_ex.o
    0x080024fc   0x080024fc   0x00000002   Code   RO         3578    i.HAL_TIMEx_CommutCallback  stm32l4xx_hal_tim_ex.o
    0x080024fe   0x080024fe   0x00000002   PAD
    0x08002500   0x08002500   0x0000006c   Code   RO         3598    i.HAL_TIMEx_MasterConfigSynchronization  stm32l4xx_hal_tim_ex.o
    0x0800256c   0x0800256c   0x00000062   Code   RO         2862    i.HAL_TIM_Base_Init  stm32l4xx_hal_tim.o
    0x080025ce   0x080025ce   0x00000002   PAD
    0x080025d0   0x080025d0   0x00000038   Code   RO          524    i.HAL_TIM_Base_MspInit  stm32l4xx_hal_msp.o
    0x08002608   0x08002608   0x00000058   Code   RO         2867    i.HAL_TIM_Base_Start_IT  stm32l4xx_hal_tim.o
    0x08002660   0x08002660   0x000000dc   Code   RO         2871    i.HAL_TIM_ConfigClockSource  stm32l4xx_hal_tim.o
    0x0800273c   0x0800273c   0x00000002   Code   RO         2896    i.HAL_TIM_IC_CaptureCallback  stm32l4xx_hal_tim.o
    0x0800273e   0x0800273e   0x00000184   Code   RO         2910    i.HAL_TIM_IRQHandler  stm32l4xx_hal_tim.o
    0x080028c2   0x080028c2   0x00000002   Code   RO         2913    i.HAL_TIM_OC_DelayElapsedCallback  stm32l4xx_hal_tim.o
    0x080028c4   0x080028c4   0x00000002   Code   RO         2940    i.HAL_TIM_PWM_PulseFinishedCallback  stm32l4xx_hal_tim.o
    0x080028c6   0x080028c6   0x00000002   Code   RO         2948    i.HAL_TIM_PeriodElapsedCallback  stm32l4xx_hal_tim.o
    0x080028c8   0x080028c8   0x00000002   Code   RO         2953    i.HAL_TIM_TriggerCallback  stm32l4xx_hal_tim.o
    0x080028ca   0x080028ca   0x00000002   Code   RO         3870    i.HAL_UARTEx_RxEventCallback  stm32l4xx_hal_uart.o
    0x080028cc   0x080028cc   0x00000002   Code   RO         4263    i.HAL_UARTEx_WakeupCallback  stm32l4xx_hal_uart_ex.o
    0x080028ce   0x080028ce   0x00000002   Code   RO         3886    i.HAL_UART_ErrorCallback  stm32l4xx_hal_uart.o
    0x080028d0   0x080028d0   0x0000023c   Code   RO         3889    i.HAL_UART_IRQHandler  stm32l4xx_hal_uart.o
    0x08002b0c   0x08002b0c   0x00000066   Code   RO         3890    i.HAL_UART_Init     stm32l4xx_hal_uart.o
    0x08002b72   0x08002b72   0x00000002   PAD
    0x08002b74   0x08002b74   0x00000088   Code   RO          526    i.HAL_UART_MspInit  stm32l4xx_hal_msp.o
    0x08002bfc   0x08002bfc   0x000000fe   Code   RO         3893    i.HAL_UART_Receive  stm32l4xx_hal_uart.o
    0x08002cfa   0x08002cfa   0x00000002   PAD
    0x08002cfc   0x08002cfc   0x000000b6   Code   RO         3899    i.HAL_UART_Transmit  stm32l4xx_hal_uart.o
    0x08002db2   0x08002db2   0x00000002   Code   RO         3902    i.HAL_UART_TxCpltCallback  stm32l4xx_hal_uart.o
    0x08002db4   0x08002db4   0x00000002   Code   RO          430    i.HardFault_Handler  stm32l4xx_it.o
    0x08002db6   0x08002db6   0x00000002   PAD
    0x08002db8   0x08002db8   0x0000007c   Code   RO          366    i.MX_GPIO_Init      main.o
    0x08002e34   0x08002e34   0x00000050   Code   RO          367    i.MX_SPI1_Init      main.o
    0x08002e84   0x08002e84   0x00000068   Code   RO          368    i.MX_TIM2_Init      main.o
    0x08002eec   0x08002eec   0x00000038   Code   RO          369    i.MX_USART2_UART_Init  main.o
    0x08002f24   0x08002f24   0x00000002   Code   RO          431    i.MemManage_Handler  stm32l4xx_it.o
    0x08002f26   0x08002f26   0x00000002   PAD
    0x08002f28   0x08002f28   0x000000b4   Code   RO           13    i.Message_handler   mylibrary.o
    0x08002fdc   0x08002fdc   0x00000002   Code   RO          432    i.NMI_Handler       stm32l4xx_it.o
    0x08002fde   0x08002fde   0x00000002   PAD
    0x08002fe0   0x08002fe0   0x0000013c   Code   RO          161    i.PN532_CallFunction  pn532.o
    0x0800311c   0x0800311c   0x0000004c   Code   RO          162    i.PN532_GetFirmwareVersion  pn532.o
    0x08003168   0x08003168   0x00000010   Code   RO          281    i.PN532_Log         pn532_stm32f1.o
    0x08003178   0x08003178   0x00000158   Code   RO          168    i.PN532_ReadFrame   pn532.o
    0x080032d0   0x080032d0   0x000000bc   Code   RO          172    i.PN532_ReadPassiveTarget  pn532.o
    0x0800338c   0x0800338c   0x0000003e   Code   RO          282    i.PN532_Reset       pn532_stm32f1.o
    0x080033ca   0x080033ca   0x00000002   PAD
    0x080033cc   0x080033cc   0x00000034   Code   RO          283    i.PN532_SPI_Init    pn532_stm32f1.o
    0x08003400   0x08003400   0x0000003e   Code   RO          284    i.PN532_SPI_ReadData  pn532_stm32f1.o
    0x0800343e   0x0800343e   0x00000002   PAD
    0x08003440   0x08003440   0x00000040   Code   RO          285    i.PN532_SPI_WaitReady  pn532_stm32f1.o
    0x08003480   0x08003480   0x00000034   Code   RO          286    i.PN532_SPI_Wakeup  pn532_stm32f1.o
    0x080034b4   0x080034b4   0x00000038   Code   RO          287    i.PN532_SPI_WriteData  pn532_stm32f1.o
    0x080034ec   0x080034ec   0x00000028   Code   RO          173    i.PN532_SamConfiguration  pn532.o
    0x08003514   0x08003514   0x0000007a   Code   RO          174    i.PN532_WriteFrame  pn532.o
    0x0800358e   0x0800358e   0x00000002   Code   RO          433    i.PendSV_Handler    stm32l4xx_it.o
    0x08003590   0x08003590   0x0000012c   Code   RO         1778    i.RCCEx_PLLSAI1_Config  stm32l4xx_hal_rcc_ex.o
    0x080036bc   0x080036bc   0x0000007c   Code   RO         1664    i.RCC_SetFlashLatencyFromMSIRange  stm32l4xx_hal_rcc.o
    0x08003738   0x08003738   0x00000048   Code   RO          629    i.SPI_EndRxTxTransaction  stm32l4xx_hal_spi.o
    0x08003780   0x08003780   0x000000d2   Code   RO          634    i.SPI_WaitFifoStateUntilTimeout  stm32l4xx_hal_spi.o
    0x08003852   0x08003852   0x00000002   PAD
    0x08003854   0x08003854   0x000000b8   Code   RO          635    i.SPI_WaitFlagStateUntilTimeout  stm32l4xx_hal_spi.o
    0x0800390c   0x0800390c   0x00000002   Code   RO          434    i.SVC_Handler       stm32l4xx_it.o
    0x0800390e   0x0800390e   0x00000004   Code   RO          435    i.SysTick_Handler   stm32l4xx_it.o
    0x08003912   0x08003912   0x00000002   PAD
    0x08003914   0x08003914   0x0000008c   Code   RO          370    i.SystemClock_Config  main.o
    0x080039a0   0x080039a0   0x0000003c   Code   RO         4338    i.SystemInit        system_stm32l4xx.o
    0x080039dc   0x080039dc   0x00000034   Code   RO          436    i.TIM2_IRQHandler   stm32l4xx_it.o
    0x08003a10   0x08003a10   0x0000006c   Code   RO         2955    i.TIM_Base_SetConfig  stm32l4xx_hal_tim.o
    0x08003a7c   0x08003a7c   0x00000014   Code   RO         2966    i.TIM_ETR_SetConfig  stm32l4xx_hal_tim.o
    0x08003a90   0x08003a90   0x00000010   Code   RO         2967    i.TIM_ITRx_SetConfig  stm32l4xx_hal_tim.o
    0x08003aa0   0x08003aa0   0x00000022   Code   RO         2975    i.TIM_TI1_ConfigInputStage  stm32l4xx_hal_tim.o
    0x08003ac2   0x08003ac2   0x00000024   Code   RO         2977    i.TIM_TI2_ConfigInputStage  stm32l4xx_hal_tim.o
    0x08003ae6   0x08003ae6   0x000000c8   Code   RO         3904    i.UART_AdvFeatureConfig  stm32l4xx_hal_uart.o
    0x08003bae   0x08003bae   0x0000005c   Code   RO         3905    i.UART_CheckIdleState  stm32l4xx_hal_uart.o
    0x08003c0a   0x08003c0a   0x00000014   Code   RO         3906    i.UART_DMAAbortOnError  stm32l4xx_hal_uart.o
    0x08003c1e   0x08003c1e   0x00000030   Code   RO         3916    i.UART_EndRxTransfer  stm32l4xx_hal_uart.o
    0x08003c4e   0x08003c4e   0x00000002   PAD
    0x08003c50   0x08003c50   0x000001e0   Code   RO         3920    i.UART_SetConfig    stm32l4xx_hal_uart.o
    0x08003e30   0x08003e30   0x000000a4   Code   RO         3925    i.UART_WaitOnFlagUntilTimeout  stm32l4xx_hal_uart.o
    0x08003ed4   0x08003ed4   0x00000040   Code   RO          437    i.USART2_IRQHandler  stm32l4xx_it.o
    0x08003f14   0x08003f14   0x00000002   Code   RO          438    i.UsageFault_Handler  stm32l4xx_it.o
    0x08003f16   0x08003f16   0x00000020   Code   RO         2671    i.__NVIC_SetPriority  stm32l4xx_hal_cortex.o
    0x08003f36   0x08003f36   0x0000000e   Code   RO         4483    i._is_digit         c_w.l(__printf_wp.o)
    0x08003f44   0x08003f44   0x0000001a   Code   RO         4643    i.fputc             c_w.l(fputc.o)
    0x08003f5e   0x08003f5e   0x00000002   PAD
    0x08003f60   0x08003f60   0x000002a4   Code   RO          371    i.main              main.o
    0x08004204   0x08004204   0x00000044   Code   RO          289    i.spi_rw            pn532_stm32f1.o
    0x08004248   0x08004248   0x0000002c   Code   RO           14    i.string_compare    mylibrary.o
    0x08004274   0x08004274   0x0000000a   Code   RO         4663    x$fpl$fpinit        fz_wm.l(fpinit.o)
    0x0800427e   0x0800427e   0x00000006   Data   RO          177    .constdata          pn532.o
    0x08004284   0x08004284   0x00000040   Data   RO         4339    .constdata          system_stm32l4xx.o
    0x080042c4   0x080042c4   0x00000008   Data   RO         4340    .constdata          system_stm32l4xx.o
    0x080042cc   0x080042cc   0x00000028   Data   RO         4456    .constdata          c_w.l(_printf_hex_int.o)
    0x080042f4   0x080042f4   0x00000011   Data   RO         4486    .constdata          c_w.l(__printf_flags_wp.o)
    0x08004305   0x08004305   0x00000004   Data   RO         4666    .constdata          c_w.l(sys_io.o)
    0x08004309   0x08004309   0x00000004   Data   RO         4667    .constdata          c_w.l(sys_io.o)
    0x0800430d   0x0800430d   0x00000004   Data   RO         4668    .constdata          c_w.l(sys_io.o)
    0x08004311   0x08004311   0x00000003   PAD
    0x08004314   0x08004314   0x00000020   Data   RO         4807    Region$$Table       anon$$obj.o


    Execution Region RW_IRAM2 (Exec base: 0x10000000, Load base: 0x08004354, Size: 0x00000000, Max: 0x00004000, ABSOLUTE)

    **** No section assigned to this execution region ****


    Execution Region RW_IRAM1 (Exec base: 0x20000000, Load base: 0x08004334, Size: 0x000008e8, Max: 0x0000c000, ABSOLUTE)

    Exec Addr    Load Addr    Size         Type   Attr      Idx    E Section Name        Object

    0x20000000   0x08004334   0x00000002   Data   RW           16    .data               mylibrary.o
    0x20000002   0x08004336   0x00000002   PAD
    0x20000004   0x08004338   0x0000000c   Data   RW          961    .data               stm32l4xx_hal.o
    0x20000010   0x08004344   0x00000004   Data   RW         4341    .data               system_stm32l4xx.o
    0x20000014   0x08004348   0x00000004   Data   RW         4558    .data               c_w.l(stdio_streams.o)
    0x20000018   0x0800434c   0x00000004   Data   RW         4559    .data               c_w.l(stdio_streams.o)
    0x2000001c   0x08004350   0x00000004   Data   RW         4560    .data               c_w.l(stdio_streams.o)
    0x20000020        -       0x00000032   Zero   RW           15    .bss                mylibrary.o
    0x20000052   0x08004354   0x00000002   PAD
    0x20000054        -       0x00000134   Zero   RW          372    .bss                main.o
    0x20000188        -       0x00000054   Zero   RW         4555    .bss                c_w.l(stdio_streams.o)
    0x200001dc        -       0x00000054   Zero   RW         4556    .bss                c_w.l(stdio_streams.o)
    0x20000230        -       0x00000054   Zero   RW         4557    .bss                c_w.l(stdio_streams.o)
    0x20000284        -       0x00000060   Zero   RW         4611    .bss                c_w.l(libspace.o)
    0x200002e4   0x08004354   0x00000004   PAD
    0x200002e8        -       0x00000200   Zero   RW            2    HEAP                startup_stm32l432xx.o
    0x200004e8        -       0x00000400   Zero   RW            1    STACK               startup_stm32l432xx.o


==============================================================================

Image component sizes


      Code (inc. data)   RO Data    RW Data    ZI Data      Debug   Object Name

      1184        190          0          0        308       5565   main.o
       224         62          0          2         50     671605   mylibrary.o
      1086        396          6          0          0      11631   pn532.o
       432         42          0          0          0       5746   pn532_stm32f1.o
        64         26        396          0       1536        868   startup_stm32l432xx.o
       162         24          0         12          0      11769   stm32l4xx_hal.o
       198         14          0          0          0      33983   stm32l4xx_hal_cortex.o
       152          0          0          0          0       1855   stm32l4xx_hal_dma.o
       428         20          0          0          0       2524   stm32l4xx_hal_gpio.o
       336         30          0          0          0       3110   stm32l4xx_hal_msp.o
        16          4          0          0          0        571   stm32l4xx_hal_pwr.o
       120         20          0          0          0       1414   stm32l4xx_hal_pwr_ex.o
      2036         98          0          0          0       7164   stm32l4xx_hal_rcc.o
       966         36          0          0          0       3545   stm32l4xx_hal_rcc_ex.o
      1306         10          0          0          0       6485   stm32l4xx_hal_spi.o
      1018         32          0          0          0      11033   stm32l4xx_hal_tim.o
       114         10          0          0          0       3180   stm32l4xx_hal_tim_ex.o
      2120         60          0          0          0      12506   stm32l4xx_hal_uart.o
         2          0          0          0          0       1060   stm32l4xx_hal_uart_ex.o
       136         28          0          0          0       5500   stm32l4xx_it.o
        60         12         72          4          0       1277   system_stm32l4xx.o

    ----------------------------------------------------------------------
     12190       1114        506         20       1896     802391   Object Totals
         0          0         32          0          0          0   (incl. Generated)
        30          0          0          2          2          0   (incl. Padding)

    ----------------------------------------------------------------------

      Code (inc. data)   RO Data    RW Data    ZI Data      Debug   Library Member Name

         8          0          0          0          0         68   __main.o
       318          4         17          0          0         92   __printf_flags_wp.o
        14          0          0          0          0         68   __printf_wp.o
         0          0          0          0          0          0   __rtentry.o
        12          0          0          0          0          0   __rtentry2.o
         6          0          0          0          0          0   __rtentry4.o
        52          8          0          0          0          0   __scatter.o
        26          0          0          0          0          0   __scatter_copy.o
        28          0          0          0          0          0   __scatter_zi.o
        44          0          0          0          0        108   _printf_char.o
        48          6          0          0          0         96   _printf_char_common.o
        36          4          0          0          0         80   _printf_char_file.o
        88          4         40          0          0         88   _printf_hex_int.o
       178          0          0          0          0         88   _printf_intcommon.o
        78          0          0          0          0        108   _printf_pad.o
         0          0          0          0          0          0   _printf_percent.o
         4          0          0          0          0          0   _printf_percent_end.o
         6          0          0          0          0          0   _printf_s.o
        82          0          0          0          0         80   _printf_str.o
         6          0          0          0          0          0   _printf_x.o
        10          0          0          0          0         68   _sputc.o
        10          0          0          0          0         68   defsig_exit.o
        50          0          0          0          0         88   defsig_general.o
        80         58          0          0          0         76   defsig_rtmem_inner.o
        14          0          0          0          0         80   defsig_rtmem_outer.o
        52         38          0          0          0         76   defsig_rtred_inner.o
        14          0          0          0          0         80   defsig_rtred_outer.o
        18          0          0          0          0         80   exit.o
        76          0          0          0          0         88   fclose.o
         8          0          0          0          0         68   ferror.o
       470          0          0          0          0         88   flsbuf.o
       236          4          0          0          0        128   fopen.o
        26          0          0          0          0         68   fputc.o
       248          6          0          0          0         84   fseek.o
        66          0          0          0          0         76   ftell.o
        94          0          0          0          0         80   h1_alloc.o
        52          0          0          0          0         68   h1_extend.o
        78          0          0          0          0         80   h1_free.o
        14          0          0          0          0         84   h1_init.o
         6          0          0          0          0        152   heapauxi.o
         4          0          0          0          0        136   hguard.o
         0          0          0          0          0          0   indicate_semi.o
       138          0          0          0          0        168   init_alloc.o
       312         46          0          0          0        112   initio.o
         2          0          0          0          0          0   libinit.o
        18          0          0          0          0          0   libinit2.o
         2          0          0          0          0          0   libshutdown.o
         6          0          0          0          0          0   libshutdown2.o
         8          4          0          0         96         68   libspace.o
       238          0          0          0          0        100   lludivv7m.o
         0          0          0          0          0          0   maybetermalloc1.o
        88          0          0          0          0         76   memcmp.o
        24          4          0          0          0         84   noretval__2printf.o
        40          6          0          0          0         84   noretval__2sprintf.o
         8          4          0          0          0         68   rt_errno_addr_intlibspace.o
         8          4          0          0          0         68   rt_heap_descriptor_intlibspace.o
        68          0          0          0          0         68   rt_memclr.o
        78          0          0          0          0         80   rt_memclr_w.o
       100          0          0          0          0         80   rt_memcpy_w.o
         2          0          0          0          0          0   rtexit.o
        10          0          0          0          0          0   rtexit2.o
        70          0          0          0          0         80   setvbuf.o
       240          6          0          0          0        156   stdio.o
         0          0          0         12        252          0   stdio_streams.o
        24          0          0          0          0         68   strcat.o
        62          0          0          0          0         76   strlen.o
        12          4          0          0          0         68   sys_exit.o
       102          0         12          0          0        240   sys_io.o
        74          0          0          0          0         80   sys_stackheap_outer.o
        14          0          0          0          0         76   sys_wrch.o
         2          0          0          0          0         68   use_no_semi.o
        10          0          0          0          0        116   fpinit.o

    ----------------------------------------------------------------------
      4436        210         72         12        352       4776   Library Totals
        16          0          3          0          4          0   (incl. Padding)

    ----------------------------------------------------------------------

      Code (inc. data)   RO Data    RW Data    ZI Data      Debug   Library Name

      4410        210         69         12        348       4660   c_w.l
        10          0          0          0          0        116   fz_wm.l

    ----------------------------------------------------------------------
      4436        210         72         12        352       4776   Library Totals

    ----------------------------------------------------------------------

==============================================================================


      Code (inc. data)   RO Data    RW Data    ZI Data      Debug   

     16626       1324        578         32       2248     795219   Grand Totals
     16626       1324        578         32       2248     795219   ELF Image Totals
     16626       1324        578         32          0          0   ROM Totals

==============================================================================

    Total RO  Size (Code + RO Data)                17204 (  16.80kB)
    Total RW  Size (RW Data + ZI Data)              2280 (   2.23kB)
    Total ROM Size (Code + RO Data + RW Data)      17236 (  16.83kB)

==============================================================================

